Archive member included to satisfy reference by file (symbol)

e:/software/gcc_2021.10/bin/../lib/gcc/arm-none-eabi/10.3.1/thumb/v7e-m/nofp\libgcc.a(_arm_muldf3.o)
                              ./objects/printf-stdarg.o (__aeabi_dmul)
e:/software/gcc_2021.10/bin/../lib/gcc/arm-none-eabi/10.3.1/thumb/v7e-m/nofp\libgcc.a(_arm_addsubdf3.o)
                              ./objects/printf-stdarg.o (__aeabi_dsub)
e:/software/gcc_2021.10/bin/../lib/gcc/arm-none-eabi/10.3.1/thumb/v7e-m/nofp\libgcc.a(_arm_muldivdf3.o)
                              ./objects/printf-stdarg.o (__aeabi_ddiv)
e:/software/gcc_2021.10/bin/../lib/gcc/arm-none-eabi/10.3.1/thumb/v7e-m/nofp\libgcc.a(_arm_cmpdf2.o)
                              ./objects/printf-stdarg.o (__aeabi_dcmpeq)
e:/software/gcc_2021.10/bin/../lib/gcc/arm-none-eabi/10.3.1/thumb/v7e-m/nofp\libgcc.a(_arm_fixdfsi.o)
                              ./objects/printf-stdarg.o (__aeabi_d2iz)
e:/software/gcc_2021.10/bin/../lib/gcc/arm-none-eabi/10.3.1/thumb/v7e-m/nofp\libgcc.a(_arm_fixunsdfsi.o)
                              ./objects/printf-stdarg.o (__aeabi_d2uiz)
e:/software/gcc_2021.10/bin/../lib/gcc/arm-none-eabi/10.3.1/thumb/v7e-m/nofp\libgcc.a(_aeabi_uldivmod.o)
                              ./objects/printf-stdarg.o (__aeabi_uldivmod)
e:/software/gcc_2021.10/bin/../lib/gcc/arm-none-eabi/10.3.1/thumb/v7e-m/nofp\libgcc.a(_fixunsdfdi.o)
                              ./objects/rtc-board.o (__aeabi_d2ulz)
e:/software/gcc_2021.10/bin/../lib/gcc/arm-none-eabi/10.3.1/thumb/v7e-m/nofp\libgcc.a(_udivmoddi4.o)
                              e:/software/gcc_2021.10/bin/../lib/gcc/arm-none-eabi/10.3.1/thumb/v7e-m/nofp\libgcc.a(_aeabi_uldivmod.o) (__udivmoddi4)
e:/software/gcc_2021.10/bin/../lib/gcc/arm-none-eabi/10.3.1/thumb/v7e-m/nofp\libgcc.a(_dvmd_tls.o)
                              e:/software/gcc_2021.10/bin/../lib/gcc/arm-none-eabi/10.3.1/thumb/v7e-m/nofp\libgcc.a(_aeabi_uldivmod.o) (__aeabi_ldiv0)
e:/software/gcc_2021.10/bin/../lib/gcc/arm-none-eabi/10.3.1/../../../../arm-none-eabi/lib/thumb/v7e-m/nofp\libc.a(lib_a-atoi.o)
                              ./objects/lora_at_cmd.o (atoi)
e:/software/gcc_2021.10/bin/../lib/gcc/arm-none-eabi/10.3.1/../../../../arm-none-eabi/lib/thumb/v7e-m/nofp\libc.a(lib_a-exit.o)
                              e:/software/gcc_2021.10/bin/../lib/gcc/arm-none-eabi/10.3.1/../../../../arm-none-eabi/lib/thumb/v7e-m/nofp/crt0.o (exit)
e:/software/gcc_2021.10/bin/../lib/gcc/arm-none-eabi/10.3.1/../../../../arm-none-eabi/lib/thumb/v7e-m/nofp\libc.a(lib_a-impure.o)
                              e:/software/gcc_2021.10/bin/../lib/gcc/arm-none-eabi/10.3.1/../../../../arm-none-eabi/lib/thumb/v7e-m/nofp\libc.a(lib_a-exit.o) (_global_impure_ptr)
e:/software/gcc_2021.10/bin/../lib/gcc/arm-none-eabi/10.3.1/../../../../arm-none-eabi/lib/thumb/v7e-m/nofp\libc.a(lib_a-init.o)
                              e:/software/gcc_2021.10/bin/../lib/gcc/arm-none-eabi/10.3.1/../../../../arm-none-eabi/lib/thumb/v7e-m/nofp/crt0.o (__libc_init_array)
e:/software/gcc_2021.10/bin/../lib/gcc/arm-none-eabi/10.3.1/../../../../arm-none-eabi/lib/thumb/v7e-m/nofp\libc.a(lib_a-memcmp.o)
                              ./objects/lora_function.o (memcmp)
e:/software/gcc_2021.10/bin/../lib/gcc/arm-none-eabi/10.3.1/../../../../arm-none-eabi/lib/thumb/v7e-m/nofp\libc.a(lib_a-memcpy.o)
                              ./objects/tremo_flash.o (memcpy)
e:/software/gcc_2021.10/bin/../lib/gcc/arm-none-eabi/10.3.1/../../../../arm-none-eabi/lib/thumb/v7e-m/nofp\libc.a(lib_a-memset.o)
                              e:/software/gcc_2021.10/bin/../lib/gcc/arm-none-eabi/10.3.1/../../../../arm-none-eabi/lib/thumb/v7e-m/nofp/crt0.o (memset)
e:/software/gcc_2021.10/bin/../lib/gcc/arm-none-eabi/10.3.1/../../../../arm-none-eabi/lib/thumb/v7e-m/nofp\libc.a(lib_a-strlen.o)
                              ./objects/lora_at_cmd.o (strlen)
e:/software/gcc_2021.10/bin/../lib/gcc/arm-none-eabi/10.3.1/../../../../arm-none-eabi/lib/thumb/v7e-m/nofp\libc.a(lib_a-strncmp.o)
                              ./objects/lora_at_cmd.o (strncmp)
e:/software/gcc_2021.10/bin/../lib/gcc/arm-none-eabi/10.3.1/../../../../arm-none-eabi/lib/thumb/v7e-m/nofp\libc.a(lib_a-strtol.o)
                              e:/software/gcc_2021.10/bin/../lib/gcc/arm-none-eabi/10.3.1/../../../../arm-none-eabi/lib/thumb/v7e-m/nofp\libc.a(lib_a-atoi.o) (_strtol_r)
e:/software/gcc_2021.10/bin/../lib/gcc/arm-none-eabi/10.3.1/../../../../arm-none-eabi/lib/thumb/v7e-m/nofp\libc.a(lib_a-__call_atexit.o)
                              e:/software/gcc_2021.10/bin/../lib/gcc/arm-none-eabi/10.3.1/../../../../arm-none-eabi/lib/thumb/v7e-m/nofp\libc.a(lib_a-exit.o) (__call_exitprocs)
e:/software/gcc_2021.10/bin/../lib/gcc/arm-none-eabi/10.3.1/../../../../arm-none-eabi/lib/thumb/v7e-m/nofp\libc.a(lib_a-atexit.o)
[...]
Memory Configuration

Name             Origin             Length             Attributes
FLASH            0x08000000         0x00040000         xr
RAM              0x20000000         0x00010000         xrw
*default*        0x00000000         0xffffffff

Linker script and memory map

LOAD e:/software/gcc_2021.10/bin/../lib/gcc/arm-none-eabi/10.3.1/thumb/v7e-m/nofp/crti.o
LOAD e:/software/gcc_2021.10/bin/../lib/gcc/arm-none-eabi/10.3.1/thumb/v7e-m/nofp/crtbegin.o
LOAD e:/software/gcc_2021.10/bin/../lib/gcc/arm-none-eabi/10.3.1/../../../../arm-none-eabi/lib/thumb/v7e-m/nofp/crt0.o
LOAD ./objects/startup_cm4.o
LOAD ./objects/system_cm4.o
LOAD ./objects/printf-stdarg.o
LOAD ./objects/tremo_adc.o
LOAD ./objects/tremo_bstimer.o
LOAD ./objects/tremo_crc.o
LOAD ./objects/tremo_dac.o
LOAD ./objects/tremo_delay.o
LOAD ./objects/tremo_dma.o
LOAD ./objects/tremo_flash.o
LOAD ./objects/tremo_gpio.o
LOAD ./objects/tremo_i2c.o
LOAD ./objects/tremo_i2s.o
LOAD ./objects/tremo_iwdg.o
LOAD ./objects/tremo_lcd.o
LOAD ./objects/tremo_lptimer.o
LOAD ./objects/tremo_lpuart.o
LOAD ./objects/tremo_pwr.o
LOAD ./objects/tremo_rcc.o
LOAD ./objects/tremo_rtc.o
LOAD ./objects/tremo_spi.o
LOAD ./objects/tremo_system.o
LOAD ./objects/tremo_timer.o
LOAD ./objects/tremo_uart.o
LOAD ./objects/tremo_wdg.o
LOAD ./objects/main.o
LOAD ./objects/tremo_it.o
LOAD ./objects/lora_demo.o
LOAD ./objects/app.o
LOAD ./objects/rtc-board.o
LOAD ./objects/sx1262-board.o
LOAD ./objects/delay.o
LOAD ./objects/timer.o
LOAD ./objects/sx126x.o
LOAD ./objects/radio.o
LOAD ./objects/utilities.o
LOAD ./objects/lora_at_cmd.o
LOAD ./objects/lora_cmd_m.o
LOAD ./objects/lora_cmd_s.o
LOAD ./objects/lora_core.o
LOAD ./objects/lora_flash.o
LOAD ./objects/lora_function.o
LOAD ./objects/lora_user.o
LOAD ./objects/ymodem.o
START GROUP
LOAD e:/software/gcc_2021.10/bin/../lib/gcc/arm-none-eabi/10.3.1/thumb/v7e-m/nofp\libgcc.a
LOAD e:/software/gcc_2021.10/bin/../lib/gcc/arm-none-eabi/10.3.1/../../../../arm-none-eabi/lib/thumb/v7e-m/nofp\libc.a
END GROUP
LOAD e:/software/gcc_2021.10/bin/../lib/gcc/arm-none-eabi/10.3.1/thumb/v7e-m/nofp/crtend.o
LOAD e:/software/gcc_2021.10/bin/../lib/gcc/arm-none-eabi/10.3.1/thumb/v7e-m/nofp/crtn.o
                0x20004000                _estack = 0x20004000
                0x00000000                _HEAP_SIZE = 0x0
                0x00001000                _STACK_SIZE = 0x1000

.isr_vector     0x08000000       0xd4
                0x08000000                . = ALIGN (0x4)
 *(.isr_vector)
 .isr_vector    0x08000000       0xd4 ./objects/startup_cm4.o
                0x08000000                g_pfnVectors
                0x080000d4                . = ALIGN (0x4)

.text           0x08000100     0x67ac
                0x08000100                . = ALIGN (0x4)
 *(.text)
 .text          0x08000100       0x40 e:/software/gcc_2021.10/bin/../lib/gcc/arm-none-eabi/10.3.1/thumb/v7e-m/nofp/crtbegin.o
 .text          0x08000140      0x378 e:/software/gcc_2021.10/bin/../lib/gcc/arm-none-eabi/10.3.1/thumb/v7e-m/nofp\libgcc.a(_arm_addsubdf3.o)
                0x08000140                __aeabi_drsub
                0x08000148                __aeabi_dsub
                0x08000148                __subdf3
                0x0800014c                __aeabi_dadd
                0x0800014c                __adddf3
                0x080003c4                __floatunsidf
                0x080003c4                __aeabi_ui2d
                0x080003e4                __floatsidf
                0x080003e4                __aeabi_i2d
                0x08000408                __aeabi_f2d
                0x08000408                __extendsfdf2
                0x0800044c                __floatundidf
                0x0800044c                __aeabi_ul2d
                0x0800045c                __floatdidf
                0x0800045c                __aeabi_l2d
 .text          0x080004b8      0x424 e:/software/gcc_2021.10/bin/../lib/gcc/arm-none-eabi/10.3.1/thumb/v7e-m/nofp\libgcc.a(_arm_muldivdf3.o)
                0x080004b8                __aeabi_dmul
                0x080004b8                __muldf3
                0x0800070c                __divdf3
                0x0800070c                __aeabi_ddiv
 .text          0x080008dc      0x110 e:/software/gcc_2021.10/bin/../lib/gcc/arm-none-eabi/10.3.1/thumb/v7e-m/nofp\libgcc.a(_arm_cmpdf2.o)
                0x080008dc                __gtdf2
                0x080008dc                __gedf2
                0x080008e4                __ltdf2
                0x080008e4                __ledf2
                0x080008ec                __nedf2
                0x080008ec                __eqdf2
                0x080008ec                __cmpdf2
                0x08000968                __aeabi_cdrcmple
                0x08000978                __aeabi_cdcmpeq
                0x08000978                __aeabi_cdcmple
                0x08000988                __aeabi_dcmpeq
                0x0800099c                __aeabi_dcmplt
                0x080009b0                __aeabi_dcmple
                0x080009c4                __aeabi_dcmpge
                0x080009d8                __aeabi_dcmpgt
 .text          0x080009ec       0x50 e:/software/gcc_2021.10/bin/../lib/gcc/arm-none-eabi/10.3.1/thumb/v7e-m/nofp\libgcc.a(_arm_fixdfsi.o)
                0x080009ec                __aeabi_d2iz
                0x080009ec                __fixdfsi
 .text          0x08000a3c       0x40 e:/software/gcc_2021.10/bin/../lib/gcc/arm-none-eabi/10.3.1/thumb/v7e-m/nofp\libgcc.a(_arm_fixunsdfsi.o)
                0x08000a3c                __aeabi_d2uiz
                0x08000a3c                __fixunsdfsi
 .text          0x08000a7c       0x30 e:/software/gcc_2021.10/bin/../lib/gcc/arm-none-eabi/10.3.1/thumb/v7e-m/nofp\libgcc.a(_aeabi_uldivmod.o)
                0x08000a7c                __aeabi_uldivmod
 .text          0x08000aac       0x3c e:/software/gcc_2021.10/bin/../lib/gcc/arm-none-eabi/10.3.1/thumb/v7e-m/nofp\libgcc.a(_fixunsdfdi.o)
                0x08000aac                __fixunsdfdi
                0x08000aac                __aeabi_d2ulz
 .text          0x08000ae8      0x2d0 e:/software/gcc_2021.10/bin/../lib/gcc/arm-none-eabi/10.3.1/thumb/v7e-m/nofp\libgcc.a(_udivmoddi4.o)
                0x08000ae8                __udivmoddi4
 .text          0x08000db8        0x4 e:/software/gcc_2021.10/bin/../lib/gcc/arm-none-eabi/10.3.1/thumb/v7e-m/nofp\libgcc.a(_dvmd_tls.o)
                0x08000db8                __aeabi_idiv0
                0x08000db8                __aeabi_ldiv0
 .text          0x08000dbc      0x134 e:/software/gcc_2021.10/bin/../lib/gcc/arm-none-eabi/10.3.1/../../../../arm-none-eabi/lib/thumb/v7e-m/nofp\libc.a(lib_a-memcpy.o)
                0x08000dbc                memcpy
 *fill*         0x08000ef0       0x10 
 .text          0x08000f00       0xdc e:/software/gcc_2021.10/bin/../lib/gcc/arm-none-eabi/10.3.1/../../../../arm-none-eabi/lib/thumb/v7e-m/nofp\libc.a(lib_a-strlen.o)
                0x08000f00                strlen
 *(.text*)
 .text.Reset_Handler
                0x08000fdc       0x48 ./objects/startup_cm4.o
                0x08000fdc                Reset_Handler
 .text.Default_Handler
                0x08001024        0x2 ./objects/startup_cm4.o
                0x08001024                GPIO_IRQHandler
                0x08001024                SCC_IRQHandler
                0x08001024                TIMER2_IRQHandler
                0x08001024                EFC_IRQHandler
                0x08001024                I2C0_IRQHandler
                0x08001024                SAC_IRQHandler
                0x08001024                I2C1_IRQHandler
                0x08001024                UART1_IRQHandler
                0x08001024                TIMER3_IRQHandler
                0x08001024                SEC_IRQHandler
                0x08001024                WDG_IRQHandler
                0x08001024                LPTIMER1_IRQHandler
                0x08001024                LPTIMER0_IRQHandler
                0x08001024                SSP0_IRQHandler
                0x08001024                I2S_IRQHandler
                0x08001024                I2C2_IRQHandler
                0x08001024                TIMER0_IRQHandler
                0x08001024                LCD_IRQHandler
                0x08001024                LPUART_IRQHandler
                0x08001024                TIMER1_IRQHandler
                0x08001024                UART2_IRQHandler
                0x08001024                Default_Handler
                0x08001024                ADC_IRQHandler
                0x08001024                SSP1_IRQHandler
                0x08001024                DMA0_IRQHandler
                0x08001024                IWDG_IRQHandler
                0x08001024                SSP2_IRQHandler
                0x08001024                BSTIMER1_IRQHandler
                0x08001024                DAC_IRQHandler
                0x08001024                AFEC_IRQHandler
                0x08001024                UART3_IRQHandler
                0x08001024                QSPI_IRQHandler
                0x08001024                DMA1_IRQHandler
 *fill*         0x08001026        0x2 
 .text.nvic_init
                0x08001028       0x24 ./objects/system_cm4.o
                0x08001028                nvic_init
 .text.system_init
                0x0800104c       0x44 ./objects/system_cm4.o
                0x0800104c                system_init
 .text._out_null
                0x08001090        0x2 ./objects/printf-stdarg.o
 .text._out_rev
                0x08001092       0x86 ./objects/printf-stdarg.o
 .text._ntoa_format
                0x08001118      0x10a ./objects/printf-stdarg.o
 .text._ntoa_long
                0x08001222       0x84 ./objects/printf-stdarg.o
 .text._ntoa_long_long
                0x080012a6       0xb6 ./objects/printf-stdarg.o
 *fill*         0x0800135c        0x4 
 .text._etoa    0x08001360      0x394 ./objects/printf-stdarg.o
 *fill*         0x080016f4        0x4 
 .text._ftoa    0x080016f8      0x358 ./objects/printf-stdarg.o
 .text._out_char
                0x08001a50       0x10 ./objects/printf-stdarg.o
 .text._vsnprintf
                0x08001a60      0x548 ./objects/printf-stdarg.o
 .text.__wrap_printf
                0x08001fa8       0x28 ./objects/printf-stdarg.o
                0x08001fa8                __wrap_printf
 .text.bstimer_init
                0x08001fd0       0x28 ./objects/tremo_bstimer.o
                0x08001fd0                bstimer_init
 .text.bstimer_config_overflow_update
                0x08001ff8       0x12 ./objects/tremo_bstimer.o
                0x08001ff8                bstimer_config_overflow_update
 .text.bstimer_cmd
                0x0800200a       0x12 ./objects/tremo_bstimer.o
                0x0800200a                bstimer_cmd
 .text.bstimer_config_interrupt
                0x0800201c       0x12 ./objects/tremo_bstimer.o
                0x0800201c                bstimer_config_interrupt
 .text.bstimer_get_status
                0x0800202e        0xe ./objects/tremo_bstimer.o
                0x0800202e                bstimer_get_status
 .text.delay_init
                0x0800203c       0x48 ./objects/tremo_delay.o
                0x0800203c                delay_init
 .text.delay_us
                0x08002084       0x30 ./objects/tremo_delay.o
                0x08002084                delay_us
 .text.delay_ms
                0x080020b4        0xa ./objects/tremo_delay.o
                0x080020b4                delay_ms
 *fill*         0x080020be        0x2 
 .text.flash_erase_page
                0x080020c0       0x64 ./objects/tremo_flash.o
                0x080020c0                flash_erase_page
 .text.flash_program_bytes
                0x08002124       0xd0 ./objects/tremo_flash.o
                0x08002124                flash_program_bytes
 .text.gpio_init
                0x080021f4      0x124 ./objects/tremo_gpio.o
                0x080021f4                gpio_init
 .text.gpio_set_iomux
                0x08002318       0x44 ./objects/tremo_gpio.o
                0x08002318                gpio_set_iomux
 .text.pwr_xo32k_lpm_cmd
                0x0800235c       0x18 ./objects/tremo_pwr.o
                0x0800235c                pwr_xo32k_lpm_cmd
 .text.rcc_get_clk_freq
                0x08002374       0x9c ./objects/tremo_rcc.o
                0x08002374                rcc_get_clk_freq
 .text.rcc_get_uart0_clk_source
                0x08002410        0xc ./objects/tremo_rcc.o
                0x08002410                rcc_get_uart0_clk_source
 .text.rcc_get_uart1_clk_source
                0x0800241c        0xc ./objects/tremo_rcc.o
                0x0800241c                rcc_get_uart1_clk_source
 .text.rcc_get_uart2_clk_source
                0x08002428        0xc ./objects/tremo_rcc.o
                0x08002428                rcc_get_uart2_clk_source
 .text.rcc_get_uart3_clk_source
                0x08002434        0xc ./objects/tremo_rcc.o
                0x08002434                rcc_get_uart3_clk_source
 .text.rcc_get_rtc_clk_source
                0x08002440        0xc ./objects/tremo_rcc.o
                0x08002440                rcc_get_rtc_clk_source
 .text.rcc_enable_peripheral_clk
                0x0800244c      0x4b4 ./objects/tremo_rcc.o
                0x0800244c                rcc_enable_peripheral_clk
 .text.rcc_enable_oscillator
                0x08002900       0xfc ./objects/tremo_rcc.o
                0x08002900                rcc_enable_oscillator
 .text.rtc_check_syn
                0x080029fc       0x14 ./objects/tremo_rtc.o
                0x080029fc                rtc_check_syn
 .text.rtc_cyc_cmd
                0x08002a10       0x20 ./objects/tremo_rtc.o
                0x08002a10                rtc_cyc_cmd
 .text.rtc_config_cyc_wakeup
                0x08002a30       0x24 ./objects/tremo_rtc.o
                0x08002a30                rtc_config_cyc_wakeup
 .text.rtc_get_calendar
                0x08002a54       0xdc ./objects/tremo_rtc.o
                0x08002a54                rtc_get_calendar
 .text.rtc_set_status
                0x08002b30       0x30 ./objects/tremo_rtc.o
                0x08002b30                rtc_set_status
 .text.rtc_get_status
                0x08002b60       0x38 ./objects/tremo_rtc.o
                0x08002b60                rtc_get_status
 .text.rtc_config_interrupt
                0x08002b98       0x38 ./objects/tremo_rtc.o
                0x08002b98                rtc_config_interrupt
 .text.rtc_config_cyc_max
                0x08002bd0       0x14 ./objects/tremo_rtc.o
                0x08002bd0                rtc_config_cyc_max
 .text.system_reset
                0x08002be4       0x20 ./objects/tremo_system.o
                0x08002be4                system_reset
 .text.system_get_chip_id
                0x08002c04       0x1c ./objects/tremo_system.o
                0x08002c04                system_get_chip_id
 .text.uart_send_data
                0x08002c20        0xa ./objects/tremo_uart.o
                0x08002c20                uart_send_data
 .text.uart_config_interrupt
                0x08002c2a       0x10 ./objects/tremo_uart.o
                0x08002c2a                uart_config_interrupt
 .text.uart_config_init
                0x08002c3a       0x18 ./objects/tremo_uart.o
                0x08002c3a                uart_config_init
 .text.uart_cmd
                0x08002c52       0x12 ./objects/tremo_uart.o
                0x08002c52                uart_cmd
 .text.uart_get_interrupt_status
                0x08002c64        0xc ./objects/tremo_uart.o
                0x08002c64                uart_get_interrupt_status
 .text.uart_clear_interrupt
                0x08002c70        0x4 ./objects/tremo_uart.o
                0x08002c70                uart_clear_interrupt
 .text.uart_init
                0x08002c74      0x140 ./objects/tremo_uart.o
                0x08002c74                uart_init
 .text.wdg_start
                0x08002db4       0x30 ./objects/tremo_wdg.o
                0x08002db4                wdg_start
 .text.wdg_reload
                0x08002de4       0x20 ./objects/tremo_wdg.o
                0x08002de4                wdg_reload
 .text.startup.main
                0x08002e04      0x1fc ./objects/main.o
                0x08002e04                main
 .text.BSTIMER0_IRQHandler
                0x08003000       0x38 ./objects/main.o
                0x08003000                BSTIMER0_IRQHandler
 .text.millis   0x08003038        0xc ./objects/main.o
                0x08003038                millis
 .text.UART0_IRQHandler
                0x08003044       0x4c ./objects/main.o
                0x08003044                UART0_IRQHandler
 .text.LoraReInit
                0x08003090       0x2a ./objects/main.o
                0x08003090                LoraReInit
 .text.NMI_Handler
                0x080030ba        0x2 ./objects/tremo_it.o
                0x080030ba                NMI_Handler
 .text.HardFault_Handler
                0x080030bc        0x2 ./objects/tremo_it.o
                0x080030bc                HardFault_Handler
 .text.MemManage_Handler
                0x080030be        0x2 ./objects/tremo_it.o
                0x080030be                MemManage_Handler
 .text.BusFault_Handler
                0x080030c0        0x2 ./objects/tremo_it.o
                0x080030c0                BusFault_Handler
 .text.UsageFault_Handler
                0x080030c2        0x2 ./objects/tremo_it.o
                0x080030c2                UsageFault_Handler
 .text.SVC_Handler
                0x080030c4        0x2 ./objects/tremo_it.o
                0x080030c4                SVC_Handler
 .text.PendSV_Handler
                0x080030c6        0x2 ./objects/tremo_it.o
                0x080030c6                PendSV_Handler
 .text.SysTick_Handler
                0x080030c8        0x2 ./objects/tremo_it.o
                0x080030c8                SysTick_Handler
 .text.PWR_IRQHandler
                0x080030ca        0x2 ./objects/tremo_it.o
                0x080030ca                PWR_IRQHandler
 .text.LORA_IRQHandler
                0x080030cc        0x4 ./objects/tremo_it.o
                0x080030cc                LORA_IRQHandler
 .text.RTC_IRQHandler
                0x080030d0        0x4 ./objects/tremo_it.o
                0x080030d0                RTC_IRQHandler
 .text.OnTxDone
                0x080030d4       0x18 ./objects/lora_demo.o
                0x080030d4                OnTxDone
 .text.OnTxTimeout
                0x080030ec       0x18 ./objects/lora_demo.o
                0x080030ec                OnTxTimeout
 .text.OnRxTimeout
                0x08003104       0x18 ./objects/lora_demo.o
                0x08003104                OnRxTimeout
 .text.OnRxError
                0x0800311c       0x18 ./objects/lora_demo.o
                0x0800311c                OnRxError
 .text.OnRxDone
                0x08003134       0x40 ./objects/lora_demo.o
                0x08003134                OnRxDone
 .text.lora_init
                0x08003174      0x110 ./objects/lora_demo.o
                0x08003174                lora_init
 .text.Lora_IRQ_Rrocess
                0x08003284       0x34 ./objects/lora_demo.o
                0x08003284                Lora_IRQ_Rrocess
 .text.Wait2TXEnd
                0x080032b8       0x68 ./objects/lora_demo.o
                0x080032b8                Wait2TXEnd
 .text.System_Run
                0x08003320      0x158 ./objects/app.o
                0x08003320                System_Run
 .text.RtcSetTimeout
                0x08003478       0x8c ./objects/rtc-board.o
                0x08003478                RtcSetTimeout
 .text.RtcGetTimerContext
                0x08003504        0xc ./objects/rtc-board.o
                0x08003504                RtcGetTimerContext
 .text.RtcGetTimerValue
                0x08003510      0x10c ./objects/rtc-board.o
                0x08003510                RtcGetTimerValue
 .text.RtcSetTimerContext
                0x0800361c       0x18 ./objects/rtc-board.o
                0x0800361c                RtcSetTimerContext
 .text.RtcGetElapsedTime
                0x08003634       0x18 ./objects/rtc-board.o
                0x08003634                RtcGetElapsedTime
 .text.RtcOnIrq
                0x0800364c       0x32 ./objects/rtc-board.o
                0x0800364c                RtcOnIrq
 .text.BoardDisableIrq
                0x0800367e        0x4 ./objects/sx1262-board.o
                0x0800367e                BoardDisableIrq
 .text.BoardEnableIrq
                0x08003682        0x4 ./objects/sx1262-board.o
                0x08003682                BoardEnableIrq
 *fill*         0x08003686        0x2 
 .text.SpiInOut
                0x08003688       0x18 ./objects/sx1262-board.o
                0x08003688                SpiInOut
 .text.SX126xLoracInit
                0x080036a0       0x5c ./objects/sx1262-board.o
                0x080036a0                SX126xLoracInit
 .text.SX126xGetBoardTcxoWakeupTime
                0x080036fc        0x4 ./objects/sx1262-board.o
                0x080036fc                SX126xGetBoardTcxoWakeupTime
 .text.SX126xReset
                0x08003700       0x54 ./objects/sx1262-board.o
                0x08003700                SX126xReset
 .text.SX126xWaitOnBusy
                0x08003754       0x18 ./objects/sx1262-board.o
                0x08003754                SX126xWaitOnBusy
 .text.SX126xWakeup
                0x0800376c       0x30 ./objects/sx1262-board.o
                0x0800376c                SX126xWakeup
 .text.SX126xWriteCommand
                0x0800379c       0x44 ./objects/sx1262-board.o
                0x0800379c                SX126xWriteCommand
 .text.SX126xReadCommand
                0x080037e0       0x48 ./objects/sx1262-board.o
                0x080037e0                SX126xReadCommand
 .text.SX126xWriteRegisters
                0x08003828       0x48 ./objects/sx1262-board.o
                0x08003828                SX126xWriteRegisters
 .text.SX126xWriteRegister
                0x08003870       0x16 ./objects/sx1262-board.o
                0x08003870                SX126xWriteRegister
 *fill*         0x08003886        0x2 
 .text.SX126xReadRegisters
                0x08003888       0x50 ./objects/sx1262-board.o
                0x08003888                SX126xReadRegisters
 .text.SX126xReadRegister
                0x080038d8       0x16 ./objects/sx1262-board.o
                0x080038d8                SX126xReadRegister
 *fill*         0x080038ee        0x2 
 .text.SX126xWriteBuffer
                0x080038f0       0x44 ./objects/sx1262-board.o
                0x080038f0                SX126xWriteBuffer
 .text.SX126xReadBuffer
                0x08003934       0x4c ./objects/sx1262-board.o
                0x08003934                SX126xReadBuffer
 .text.SX126xSetRfTxPower
                0x08003980        0x6 ./objects/sx1262-board.o
                0x08003980                SX126xSetRfTxPower
 .text.SX126xGetPaSelect
                0x08003986        0x4 ./objects/sx1262-board.o
                0x08003986                SX126xGetPaSelect
 *fill*         0x0800398a        0x2 
 .text.SX126xAntSwOn
                0x0800398c       0x10 ./objects/sx1262-board.o
                0x0800398c                SX126xAntSwOn
 .text.SX126xAntSwOff
                0x0800399c       0x10 ./objects/sx1262-board.o
                0x0800399c                SX126xAntSwOff
 .text.DelayMs  0x080039ac        0x4 ./objects/delay.o
                0x080039ac                DelayMs
 .text.TimeStampsUpdate
                0x080039b0       0x2c ./objects/timer.o
 .text.TimerIrqHandler
                0x080039dc       0x74 ./objects/timer.o
                0x080039dc                TimerIrqHandler
 .text.SX126xGetOperatingMode
                0x08003a50        0xc ./objects/sx126x.o
                0x08003a50                SX126xGetOperatingMode
 .text.SX126xSetOperatingMode
                0x08003a5c        0xc ./objects/sx126x.o
                0x08003a5c                SX126xSetOperatingMode
 .text.SX126xCheckDeviceReady
                0x08003a68       0x24 ./objects/sx126x.o
                0x08003a68                SX126xCheckDeviceReady
 .text.SX126xSetPayload
                0x08003a8c        0xa ./objects/sx126x.o
                0x08003a8c                SX126xSetPayload
 .text.SX126xSetSyncWord
                0x08003a96       0x12 ./objects/sx126x.o
                0x08003a96                SX126xSetSyncWord
 .text.SX126xSetCrcSeed
                0x08003aa8       0x28 ./objects/sx126x.o
                0x08003aa8                SX126xSetCrcSeed
 .text.SX126xSetCrcPolynomial
                0x08003ad0       0x28 ./objects/sx126x.o
                0x08003ad0                SX126xSetCrcPolynomial
 .text.SX126xSetWhiteningSeed
                0x08003af8       0x38 ./objects/sx126x.o
                0x08003af8                SX126xSetWhiteningSeed
 .text.SX126xSetSleep
                0x08003b30       0x24 ./objects/sx126x.o
                0x08003b30                SX126xSetSleep
 .text.SX126xSetStandby
                0x08003b54       0x2c ./objects/sx126x.o
                0x08003b54                SX126xSetStandby
 .text.SX126xSetTx
                0x08003b80       0x2c ./objects/sx126x.o
                0x08003b80                SX126xSetTx
 .text.SX126xSendPayload
                0x08003bac       0x12 ./objects/sx126x.o
                0x08003bac                SX126xSendPayload
 *fill*         0x08003bbe        0x2 
 .text.SX126xSetRx
                0x08003bc0       0x2c ./objects/sx126x.o
                0x08003bc0                SX126xSetRx
 .text.SX126xSetRxBoosted
                0x08003bec       0x38 ./objects/sx126x.o
                0x08003bec                SX126xSetRxBoosted
 .text.SX126xSetRxDutyCycle
                0x08003c24       0x3c ./objects/sx126x.o
                0x08003c24                SX126xSetRxDutyCycle
 .text.SX126xSetCad
                0x08003c60       0x18 ./objects/sx126x.o
                0x08003c60                SX126xSetCad
 .text.SX126xSetTxContinuousWave
                0x08003c78        0xa ./objects/sx126x.o
                0x08003c78                SX126xSetTxContinuousWave
 .text.SX126xSetStopRxTimerOnPreambleDetect
                0x08003c82       0x18 ./objects/sx126x.o
                0x08003c82                SX126xSetStopRxTimerOnPreambleDetect
 .text.SX126xSetLoRaSymbNumTimeout
                0x08003c9a       0x18 ./objects/sx126x.o
                0x08003c9a                SX126xSetLoRaSymbNumTimeout
 .text.SX126xSetRegulatorMode
                0x08003cb2       0x18 ./objects/sx126x.o
                0x08003cb2                SX126xSetRegulatorMode
 *fill*         0x08003cca        0x2 
 .text.SX126xCalibrateImage
                0x08003ccc       0x78 ./objects/sx126x.o
                0x08003ccc                SX126xCalibrateImage
 .text.SX126xSetPaConfig
                0x08003d44       0x24 ./objects/sx126x.o
                0x08003d44                SX126xSetPaConfig
 .text.SX126xSetDioIrqParams
                0x08003d68       0x38 ./objects/sx126x.o
                0x08003d68                SX126xSetDioIrqParams
 .text.SX126xGetIrqStatus
                0x08003da0       0x1a ./objects/sx126x.o
                0x08003da0                SX126xGetIrqStatus
 .text.SX126xSetDio2AsRfSwitchCtrl
                0x08003dba       0x18 ./objects/sx126x.o
                0x08003dba                SX126xSetDio2AsRfSwitchCtrl
 *fill*         0x08003dd2        0x2 
 .text.SX126xInit
                0x08003dd4       0x28 ./objects/sx126x.o
                0x08003dd4                SX126xInit
 *fill*         0x08003dfc        0x4 
 .text.SX126xSetRfFrequency
                0x08003e00       0x5c ./objects/sx126x.o
                0x08003e00                SX126xSetRfFrequency
 .text.SX126xSetPacketType
                0x08003e5c       0x20 ./objects/sx126x.o
                0x08003e5c                SX126xSetPacketType
 .text.SX126xGetPacketType
                0x08003e7c        0xc ./objects/sx126x.o
                0x08003e7c                SX126xGetPacketType
 .text.SX126xSetTxParams
                0x08003e88       0xbc ./objects/sx126x.o
                0x08003e88                SX126xSetTxParams
 *fill*         0x08003f44        0x4 
 .text.SX126xSetModulationParams
                0x08003f48       0xcc ./objects/sx126x.o
                0x08003f48                SX126xSetModulationParams
 .text.SX126xSetPacketParams
                0x08004014       0xcc ./objects/sx126x.o
                0x08004014                SX126xSetPacketParams
 .text.SX126xSetCadParams
                0x080040e0       0x3c ./objects/sx126x.o
                0x080040e0                SX126xSetCadParams
 .text.SX126xSetBufferBaseAddress
                0x0800411c       0x1a ./objects/sx126x.o
                0x0800411c                SX126xSetBufferBaseAddress
 .text.SX126xGetRssiInst
                0x08004136       0x1a ./objects/sx126x.o
                0x08004136                SX126xGetRssiInst
 .text.SX126xGetRxBufferStatus
                0x08004150       0x48 ./objects/sx126x.o
                0x08004150                SX126xGetRxBufferStatus
 .text.SX126xGetPayload
                0x08004198       0x32 ./objects/sx126x.o
                0x08004198                SX126xGetPayload
 *fill*         0x080041ca        0x2 
 .text.SX126xGetPacketStatus
                0x080041cc       0x80 ./objects/sx126x.o
                0x080041cc                SX126xGetPacketStatus
 .text.SX126xClearIrqStatus
                0x0800424c       0x1c ./objects/sx126x.o
                0x0800424c                SX126xClearIrqStatus
 .text.RadioIsChannelFree
                0x08004268        0x4 ./objects/radio.o
                0x08004268                RadioIsChannelFree
 .text.RadioCheckRfFrequency
                0x0800426c        0x4 ./objects/radio.o
                0x0800426c                RadioCheckRfFrequency
 .text.RadioStandby
                0x08004270        0x6 ./objects/radio.o
                0x08004270                RadioStandby
 *fill*         0x08004276        0x2 
 .text.RadioInit
                0x08004278       0x3c ./objects/radio.o
                0x08004278                RadioInit
 .text.RadioGetStatus
                0x080042b4       0x18 ./objects/radio.o
                0x080042b4                RadioGetStatus
 .text.RadioSetChannel
                0x080042cc        0x4 ./objects/radio.o
                0x080042cc                RadioSetChannel
 .text.RadioRssi
                0x080042d0        0xa ./objects/radio.o
                0x080042d0                RadioRssi
 .text.RadioRead
                0x080042da        0x4 ./objects/radio.o
                0x080042da                RadioRead
 .text.RadioWrite
                0x080042de        0x4 ./objects/radio.o
                0x080042de                RadioWrite
 *fill*         0x080042e2        0x2 
 .text.RadioSend
                0x080042e4       0x40 ./objects/radio.o
                0x080042e4                RadioSend
 .text.RadioSleep
                0x08004324       0x20 ./objects/radio.o
                0x08004324                RadioSleep
 .text.RadioSetRxDutyCycle
                0x08004344        0x4 ./objects/radio.o
                0x08004344                RadioSetRxDutyCycle
 .text.RadioStartCad
                0x08004348       0x58 ./objects/radio.o
                0x08004348                RadioStartCad
 .text.RadioSetTxContinuousWave
                0x080043a0       0x16 ./objects/radio.o
                0x080043a0                RadioSetTxContinuousWave
 .text.RadioWriteBuffer
                0x080043b6        0x4 ./objects/radio.o
                0x080043b6                RadioWriteBuffer
 .text.RadioReadBuffer
                0x080043ba        0x4 ./objects/radio.o
                0x080043ba                RadioReadBuffer
 .text.RadioGetWakeupTime
                0x080043be        0xa ./objects/radio.o
                0x080043be                RadioGetWakeupTime
 .text.RadioGetFskBandwidthRegValue
                0x080043c8       0x34 ./objects/radio.o
 .text.RadioRx  0x080043fc       0x30 ./objects/radio.o
                0x080043fc                RadioRx
 .text.RadioSetMaxPayloadLength
                0x0800442c       0x2c ./objects/radio.o
                0x0800442c                RadioSetMaxPayloadLength
 .text.RadioRxBoosted
                0x08004458       0x2c ./objects/radio.o
                0x08004458                RadioRxBoosted
 .text.RadioIrqProcess
                0x08004484      0x144 ./objects/radio.o
                0x08004484                RadioIrqProcess
 .text.RadioSetPublicNetwork
                0x080045c8       0x40 ./objects/radio.o
                0x080045c8                RadioSetPublicNetwork
 .text.RadioSetModem.part.0
                0x08004608       0x28 ./objects/radio.o
 .text.RadioSetModem
                0x08004630       0x24 ./objects/radio.o
                0x08004630                RadioSetModem
 .text.RadioRandom
                0x08004654       0x3c ./objects/radio.o
                0x08004654                RadioRandom
 .text.RadioSymbTime
                0x08004690       0x2c ./objects/radio.o
                0x08004690                RadioSymbTime
 *fill*         0x080046bc        0x4 
 .text.RadioSetRxConfig
                0x080046c0      0x210 ./objects/radio.o
                0x080046c0                RadioSetRxConfig
 .text.RadioSetTxConfig
                0x080048d0      0x194 ./objects/radio.o
                0x080048d0                RadioSetTxConfig
 *fill*         0x08004a64        0x4 
 .text.RadioTimeOnAir
                0x08004a68      0x190 ./objects/radio.o
                0x08004a68                RadioTimeOnAir
 .text.RadioOnDioIrq
                0x08004bf8       0x20 ./objects/radio.o
                0x08004bf8                RadioOnDioIrq
 .text.rand1    0x08004c18       0x28 ./objects/utilities.o
                0x08004c18                rand1
 .text.handleRst
                0x08004c40       0x16 ./objects/lora_at_cmd.o
                0x08004c40                handleRst
 *fill*         0x08004c56        0x2 
 .text.handleSaddr
                0x08004c58       0x78 ./objects/lora_at_cmd.o
                0x08004c58                handleSaddr
 .text.handlePrint
                0x08004cd0       0xdc ./objects/lora_at_cmd.o
                0x08004cd0                handlePrint
 .text.handleNetopen
                0x08004dac       0x48 ./objects/lora_at_cmd.o
                0x08004dac                handleNetopen
 .text.handleLeave
                0x08004df4        0x4 ./objects/lora_at_cmd.o
                0x08004df4                handleLeave
 .text.handleFactory
                0x08004df8       0x40 ./objects/lora_at_cmd.o
                0x08004df8                handleFactory
 .text.handleChannel
                0x08004e38       0x50 ./objects/lora_at_cmd.o
                0x08004e38                handleChannel
 .text.handleBW
                0x08004e88       0x58 ./objects/lora_at_cmd.o
                0x08004e88                handleBW
 .text.handleSF
                0x08004ee0       0x5c ./objects/lora_at_cmd.o
                0x08004ee0                handleSF
 .text.handleTxpower
                0x08004f3c       0x44 ./objects/lora_at_cmd.o
                0x08004f3c                handleTxpower
 .text.handlePanid
                0x08004f80       0x60 ./objects/lora_at_cmd.o
                0x08004f80                handlePanid
 .text.handleDelet
                0x08004fe0       0x64 ./objects/lora_at_cmd.o
                0x08004fe0                handleDelet
 .text.parseATCommand
                0x08005044       0x58 ./objects/lora_at_cmd.o
                0x08005044                parseATCommand
 .text.handleSend
                0x0800509c       0x20 ./objects/lora_at_cmd.o
                0x0800509c                handleSend
 .text.executeCommand
                0x080050bc       0x28 ./objects/lora_at_cmd.o
                0x080050bc                executeCommand
 .text.processATCommand
                0x080050e4       0x26 ./objects/lora_at_cmd.o
                0x080050e4                processATCommand
 *fill*         0x0800510a        0x2 
 .text.Cmd_BeaconRequest
                0x0800510c      0x138 ./objects/lora_cmd_m.o
                0x0800510c                Cmd_BeaconRequest
 .text.Cmd_SlaverInNet
                0x08005244       0x60 ./objects/lora_cmd_m.o
                0x08005244                Cmd_SlaverInNet
 .text.Cmd_Slaver_Request_Leave
                0x080052a4       0x4c ./objects/lora_cmd_m.o
                0x080052a4                Cmd_Slaver_Request_Leave
 .text.Cmd_HeartBeat
                0x080052f0       0x64 ./objects/lora_cmd_m.o
                0x080052f0                Cmd_HeartBeat
 .text.PCmd_Master_Request_Leave
                0x08005354       0x3c ./objects/lora_cmd_m.o
                0x08005354                PCmd_Master_Request_Leave
 .text.Cmd_DeviceAnnonce
                0x08005390       0x58 ./objects/lora_cmd_s.o
                0x08005390                Cmd_DeviceAnnonce
 .text.Cmd_Master_Request_Leave
                0x080053e8       0x30 ./objects/lora_cmd_s.o
                0x080053e8                Cmd_Master_Request_Leave
 .text.Cmd_Lora_Change_Para
                0x08005418       0x8c ./objects/lora_cmd_s.o
                0x08005418                Cmd_Lora_Change_Para
 .text.Cmd_Query_Rssi
                0x080054a4       0x30 ./objects/lora_cmd_s.o
                0x080054a4                Cmd_Query_Rssi
 .text.PCmd_BeaconRequest
                0x080054d4       0x38 ./objects/lora_cmd_s.o
                0x080054d4                PCmd_BeaconRequest
 .text.PCmd_SlaverInNet
                0x0800550c       0x20 ./objects/lora_cmd_s.o
                0x0800550c                PCmd_SlaverInNet
 .text.Cmd_Beacon
                0x0800552c       0xa8 ./objects/lora_cmd_s.o
                0x0800552c                Cmd_Beacon
 .text.PCmd_Slaver_Request_Leave
                0x080055d4       0x38 ./objects/lora_cmd_s.o
                0x080055d4                PCmd_Slaver_Request_Leave
 .text.PCmd_HeartBeat
                0x0800560c       0x44 ./objects/lora_cmd_s.o
                0x0800560c                PCmd_HeartBeat
 .text.CusProfile_Send
                0x08005650       0xd0 ./objects/lora_core.o
                0x08005650                CusProfile_Send
 .text.CusProfile_Receive
                0x08005720      0x12c ./objects/lora_core.o
                0x08005720                CusProfile_Receive
 .text.LoRa_Period_1s
                0x0800584c       0xdc ./objects/lora_core.o
                0x0800584c                LoRa_Period_1s
 .text.LoRa_NetPara_Save
                0x08005928       0xf0 ./objects/lora_flash.o
                0x08005928                LoRa_NetPara_Save
 .text.LoRaNetParaSyn
                0x08005a18      0x158 ./objects/lora_flash.o
                0x08005a18                LoRaNetParaSyn
 .text.LoRaAddSlaver
                0x08005b70       0xec ./objects/lora_flash.o
                0x08005b70                LoRaAddSlaver
 .text.LoRaDelSlaver
                0x08005c5c       0xcc ./objects/lora_flash.o
                0x08005c5c                LoRaDelSlaver
 .text.LoRaSlaverSyn
                0x08005d28       0xa4 ./objects/lora_flash.o
                0x08005d28                LoRaSlaverSyn
 .text.LoRaFlashdataSyn
                0x08005dcc        0xe ./objects/lora_flash.o
                0x08005dcc                LoRaFlashdataSyn
 .text.boot_to_app
                0x08005dda       0x22 ./objects/lora_flash.o
                0x08005dda                boot_to_app
 .text.IAP_Check
                0x08005dfc       0xc8 ./objects/lora_flash.o
                0x08005dfc                IAP_Check
 .text.Get_IDLE_ID
                0x08005ec4       0x1c ./objects/lora_function.o
                0x08005ec4                Get_IDLE_ID
 .text.Compare_ShortAddr
                0x08005ee0       0x24 ./objects/lora_function.o
                0x08005ee0                Compare_ShortAddr
 .text.Compare_MAC
                0x08005f04       0x3c ./objects/lora_function.o
                0x08005f04                Compare_MAC
 .text.XOR_Calculate
                0x08005f40       0x14 ./objects/lora_function.o
                0x08005f40                XOR_Calculate
 .text.Lora_ReceiveData2State
                0x08005f54       0xb0 ./objects/lora_function.o
                0x08005f54                Lora_ReceiveData2State
 .text.CompareMac
                0x08006004       0x10 ./objects/lora_function.o
                0x08006004                CompareMac
 .text.Reset_LoRa
                0x08006014        0xe ./objects/lora_function.o
                0x08006014                Reset_LoRa
 *fill*         0x08006022        0x2 
 .text.ChipID_Syn
                0x08006024       0x48 ./objects/lora_user.o
                0x08006024                ChipID_Syn
 .text.Lora_StateInit
                0x0800606c       0x18 ./objects/lora_user.o
                0x0800606c                Lora_StateInit
 .text.User_Slaver_Cmd
                0x08006084        0x2 ./objects/lora_user.o
                0x08006084                User_Slaver_Cmd
 *fill*         0x08006086        0x2 
 .text.Lora_Send_Data
                0x08006088       0x24 ./objects/lora_user.o
                0x08006088                Lora_Send_Data
 .text.ymodem_init
                0x080060ac       0x18 ./objects/ymodem.o
                0x080060ac                ymodem_init
 .text.atoi     0x080060c4        0x8 e:/software/gcc_2021.10/bin/../lib/gcc/arm-none-eabi/10.3.1/../../../../arm-none-eabi/lib/thumb/v7e-m/nofp\libc.a(lib_a-atoi.o)
                0x080060c4                atoi
 .text.__libc_init_array
                0x080060cc       0x48 e:/software/gcc_2021.10/bin/../lib/gcc/arm-none-eabi/10.3.1/../../../../arm-none-eabi/lib/thumb/v7e-m/nofp\libc.a(lib_a-init.o)
                0x080060cc                __libc_init_array
 .text.memcmp   0x08006114       0x68 e:/software/gcc_2021.10/bin/../lib/gcc/arm-none-eabi/10.3.1/../../../../arm-none-eabi/lib/thumb/v7e-m/nofp\libc.a(lib_a-memcmp.o)
                0x08006114                memcmp
 .text.memset   0x0800617c       0xa4 e:/software/gcc_2021.10/bin/../lib/gcc/arm-none-eabi/10.3.1/../../../../arm-none-eabi/lib/thumb/v7e-m/nofp\libc.a(lib_a-memset.o)
                0x0800617c                memset
 .text.strncmp  0x08006220       0x80 e:/software/gcc_2021.10/bin/../lib/gcc/arm-none-eabi/10.3.1/../../../../arm-none-eabi/lib/thumb/v7e-m/nofp\libc.a(lib_a-strncmp.o)
                0x08006220                strncmp
 .text._strtol_l.part.0
                0x080062a0      0x120 e:/software/gcc_2021.10/bin/../lib/gcc/arm-none-eabi/10.3.1/../../../../arm-none-eabi/lib/thumb/v7e-m/nofp\libc.a(lib_a-strtol.o)
 .text.strtol   0x080063c0       0x2c e:/software/gcc_2021.10/bin/../lib/gcc/arm-none-eabi/10.3.1/../../../../arm-none-eabi/lib/thumb/v7e-m/nofp\libc.a(lib_a-strtol.o)
                0x080063c0                strtol
 .text.startup.register_fini
                0x080063ec       0x14 e:/software/gcc_2021.10/bin/../lib/gcc/arm-none-eabi/10.3.1/../../../../arm-none-eabi/lib/thumb/v7e-m/nofp\libc.a(lib_a-__call_atexit.o)
 .text.atexit   0x08006400        0xc e:/software/gcc_2021.10/bin/../lib/gcc/arm-none-eabi/10.3.1/../../../../arm-none-eabi/lib/thumb/v7e-m/nofp\libc.a(lib_a-atexit.o)
                0x08006400                atexit
 .text.__errno  0x0800640c        0xc e:/software/gcc_2021.10/bin/../lib/gcc/arm-none-eabi/10.3.1/../../../../arm-none-eabi/lib/thumb/v7e-m/nofp\libc.a(lib_a-errno.o)
                0x0800640c                __errno
 .text.__libc_fini_array
                0x08006418       0x2c e:/software/gcc_2021.10/bin/../lib/gcc/arm-none-eabi/10.3.1/../../../../arm-none-eabi/lib/thumb/v7e-m/nofp\libc.a(lib_a-fini.o)
                0x08006418                __libc_fini_array
 .text.__retarget_lock_acquire_recursive
                0x08006444        0x4 e:/software/gcc_2021.10/bin/../lib/gcc/arm-none-eabi/10.3.1/../../../../arm-none-eabi/lib/thumb/v7e-m/nofp\libc.a(lib_a-lock.o)
                0x08006444                __retarget_lock_acquire_recursive
 .text.__retarget_lock_release_recursive
                0x08006448        0x4 e:/software/gcc_2021.10/bin/../lib/gcc/arm-none-eabi/10.3.1/../../../../arm-none-eabi/lib/thumb/v7e-m/nofp\libc.a(lib_a-lock.o)
                0x08006448                __retarget_lock_release_recursive
 .text.__register_exitproc
                0x0800644c       0x8c e:/software/gcc_2021.10/bin/../lib/gcc/arm-none-eabi/10.3.1/../../../../arm-none-eabi/lib/thumb/v7e-m/nofp\libc.a(lib_a-__atexit.o)
                0x0800644c                __register_exitproc
 .text.ceil     0x080064d8       0xf8 e:/software/gcc_2021.10/bin/../lib/gcc/arm-none-eabi/10.3.1/../../../../arm-none-eabi/lib/thumb/v7e-m/nofp\libm.a(lib_a-s_ceil.o)
                0x080064d8                ceil
 .text.floor    0x080065d0       0xf8 e:/software/gcc_2021.10/bin/../lib/gcc/arm-none-eabi/10.3.1/../../../../arm-none-eabi/lib/thumb/v7e-m/nofp\libm.a(lib_a-s_floor.o)
                0x080065d0                floor
 .text.rint     0x080066c8      0x138 e:/software/gcc_2021.10/bin/../lib/gcc/arm-none-eabi/10.3.1/../../../../arm-none-eabi/lib/thumb/v7e-m/nofp\libm.a(lib_a-s_rint.o)
                0x080066c8                rint
 .text.round    0x08006800       0x94 e:/software/gcc_2021.10/bin/../lib/gcc/arm-none-eabi/10.3.1/../../../../arm-none-eabi/lib/thumb/v7e-m/nofp\libm.a(lib_a-s_round.o)
                0x08006800                round
 *(.glue_7)
 .glue_7        0x08006894        0x0 linker stubs
 *(.glue_7t)
 .glue_7t       0x08006894        0x0 linker stubs
 *(.eh_frame)
 .eh_frame      0x08006894        0x0 e:/software/gcc_2021.10/bin/../lib/gcc/arm-none-eabi/10.3.1/thumb/v7e-m/nofp/crtbegin.o
 *(.init)
 .init          0x08006894        0x4 e:/software/gcc_2021.10/bin/../lib/gcc/arm-none-eabi/10.3.1/thumb/v7e-m/nofp/crti.o
                0x08006894                _init
 .init          0x08006898        0x8 e:/software/gcc_2021.10/bin/../lib/gcc/arm-none-eabi/10.3.1/thumb/v7e-m/nofp/crtn.o
 *(.fini)
 .fini          0x080068a0        0x4 e:/software/gcc_2021.10/bin/../lib/gcc/arm-none-eabi/10.3.1/thumb/v7e-m/nofp/crti.o
                0x080068a0                _fini
 .fini          0x080068a4        0x8 e:/software/gcc_2021.10/bin/../lib/gcc/arm-none-eabi/10.3.1/thumb/v7e-m/nofp/crtn.o
                0x080068ac                . = ALIGN (0x4)
                0x080068ac                _etext = .

.vfp11_veneer   0x080068ac        0x0
 .vfp11_veneer  0x080068ac        0x0 linker stubs

.v4_bx          0x080068ac        0x0
 .v4_bx         0x080068ac        0x0 linker stubs

.iplt           0x080068ac        0x0
 .iplt          0x080068ac        0x0 e:/software/gcc_2021.10/bin/../lib/gcc/arm-none-eabi/10.3.1/thumb/v7e-m/nofp/crtbegin.o

.rodata         0x080068b0      0xb50
                0x080068b0                . = ALIGN (0x4)
 *(.rodata)
 .rodata        0x080068b0       0x50 ./objects/printf-stdarg.o
 .rodata        0x08006900        0xc ./objects/tremo_uart.o
 .rodata        0x0800690c       0x18 ./objects/rtc-board.o
 .rodata        0x08006924       0x11 ./objects/sx126x.o
 *fill*         0x08006935        0x3 
 .rodata        0x08006938      0x188 ./objects/radio.o
                0x08006938                FskBandwidths
                0x08006a48                Bandwidths
                0x08006a54                Radio
 *(.rodata*)
 .rodata.str1.1
                0x08006ac0       0x19 ./objects/printf-stdarg.o
 .rodata.str1.1
                0x08006ad9       0x1f ./objects/main.o
 .rodata.str1.1
                0x08006af8       0x2d ./objects/lora_demo.o
                                 0x2f (size before relaxing)
 .rodata.str1.1
                0x08006b25       0x3d ./objects/app.o
                                 0x3f (size before relaxing)
 .rodata.str1.1
                0x08006b62      0x340 ./objects/lora_at_cmd.o
                                0x346 (size before relaxing)
 .rodata.str1.1
                0x08006ea2       0xc2 ./objects/lora_cmd_m.o
                                 0xc6 (size before relaxing)
 .rodata.str1.1
                0x08006f64       0xe5 ./objects/lora_cmd_s.o
                                 0xe9 (size before relaxing)
 .rodata.str1.1
                0x08007049       0x37 ./objects/lora_core.o
                                 0x3c (size before relaxing)
 .rodata.str1.1
                0x08007080      0x1ff ./objects/lora_flash.o
                                0x233 (size before relaxing)
 .rodata.str1.1
                0x0800727f       0x62 ./objects/lora_function.o
                                 0x6d (size before relaxing)
 *fill*         0x080072e1        0x3 
 .rodata._global_impure_ptr
                0x080072e4        0x4 e:/software/gcc_2021.10/bin/../lib/gcc/arm-none-eabi/10.3.1/../../../../arm-none-eabi/lib/thumb/v7e-m/nofp\libc.a(lib_a-impure.o)
                0x080072e4                _global_impure_ptr
 .rodata._ctype_
                0x080072e8      0x101 e:/software/gcc_2021.10/bin/../lib/gcc/arm-none-eabi/10.3.1/../../../../arm-none-eabi/lib/thumb/v7e-m/nofp\libc.a(lib_a-ctype_.o)
                0x080072e8                _ctype_
 *fill*         0x080073e9        0x7 
 .rodata.TWO52  0x080073f0       0x10 e:/software/gcc_2021.10/bin/../lib/gcc/arm-none-eabi/10.3.1/../../../../arm-none-eabi/lib/thumb/v7e-m/nofp\libm.a(lib_a-s_rint.o)
                0x08007400                . = ALIGN (0x4)

.ARM.extab
 *(.ARM.extab* .gnu.linkonce.armextab.*)

.ARM            0x08007400        0x8
                0x08007400                __exidx_start = .
 *(.ARM.exidx*)
 .ARM.exidx     0x08007400        0x8 e:/software/gcc_2021.10/bin/../lib/gcc/arm-none-eabi/10.3.1/thumb/v7e-m/nofp\libgcc.a(_udivmoddi4.o)
                0x08007408                __exidx_end = .

.rel.dyn        0x08007408        0x0
 .rel.iplt      0x08007408        0x0 e:/software/gcc_2021.10/bin/../lib/gcc/arm-none-eabi/10.3.1/thumb/v7e-m/nofp/crtbegin.o

.preinit_array  0x08007408        0x0
                0x08007408                PROVIDE (__preinit_array_start = .)
 *(.preinit_array*)
                0x08007408                PROVIDE (__preinit_array_end = .)

.init_array     0x08007408        0x8
                0x08007408                PROVIDE (__init_array_start = .)
 *(SORT_BY_NAME(.init_array.*))
 .init_array.00000
                0x08007408        0x4 e:/software/gcc_2021.10/bin/../lib/gcc/arm-none-eabi/10.3.1/../../../../arm-none-eabi/lib/thumb/v7e-m/nofp\libc.a(lib_a-__call_atexit.o)
 *(.init_array*)
 .init_array    0x0800740c        0x4 e:/software/gcc_2021.10/bin/../lib/gcc/arm-none-eabi/10.3.1/thumb/v7e-m/nofp/crtbegin.o
                0x08007410                PROVIDE (__init_array_end = .)

.fini_array     0x08007410        0x4
                0x08007410                PROVIDE (__fini_array_start = .)
 *(SORT_BY_NAME(.fini_array.*))
 *(.fini_array*)
 .fini_array    0x08007410        0x4 e:/software/gcc_2021.10/bin/../lib/gcc/arm-none-eabi/10.3.1/thumb/v7e-m/nofp/crtbegin.o
                0x08007414                PROVIDE (__fini_array_end = .)
                0x08007414                _sidata = LOADADDR (.data)

.data           0x20000000      0x49c load address 0x08007414
                0x20000000                . = ALIGN (0x4)
                0x20000000                _sdata = .
 *(.data)
 .data          0x20000000        0x1 ./objects/radio.o
                0x20000000                MaxPayloadLength
 *fill*         0x20000001        0x3 
 .data          0x20000004        0x4 ./objects/utilities.o
 .data          0x20000008       0x60 ./objects/lora_at_cmd.o
                0x20000008                AT_CommandList
                0x20000038                AT_Handlers
 *(.data*)
 .data._impure_ptr
                0x20000068        0x4 e:/software/gcc_2021.10/bin/../lib/gcc/arm-none-eabi/10.3.1/../../../../arm-none-eabi/lib/thumb/v7e-m/nofp\libc.a(lib_a-impure.o)
                0x20000068                _impure_ptr
 *fill*         0x2000006c        0x4 
 .data.impure_data
                0x20000070      0x428 e:/software/gcc_2021.10/bin/../lib/gcc/arm-none-eabi/10.3.1/../../../../arm-none-eabi/lib/thumb/v7e-m/nofp\libc.a(lib_a-impure.o)
 .data.__atexit_recursive_mutex
                0x20000498        0x4 e:/software/gcc_2021.10/bin/../lib/gcc/arm-none-eabi/10.3.1/../../../../arm-none-eabi/lib/thumb/v7e-m/nofp\libc.a(lib_a-__call_atexit.o)
                0x20000498                __atexit_recursive_mutex
                0x2000049c                . = ALIGN (0x4)
                0x2000049c                _edata = .

.igot.plt       0x2000049c        0x0 load address 0x080078b0
 .igot.plt      0x2000049c        0x0 e:/software/gcc_2021.10/bin/../lib/gcc/arm-none-eabi/10.3.1/thumb/v7e-m/nofp/crtbegin.o
                0x2000049c                . = ALIGN (0x4)

.bss            0x200004a0      0x84c load address 0x080078b0
                0x200004a0                _sbss = .
                0x200004a0                __bss_start__ = _sbss
 *(.bss)
 .bss           0x200004a0       0x1c e:/software/gcc_2021.10/bin/../lib/gcc/arm-none-eabi/10.3.1/thumb/v7e-m/nofp/crtbegin.o
 .bss           0x200004bc        0x1 ./objects/tremo_delay.o
 *fill*         0x200004bd        0x3 
 .bss           0x200004c0      0x107 ./objects/main.o
                0x200004c0                Sys_ms
                0x200004c4                uart_state
 *fill*         0x200005c7        0x1 
 .bss           0x200005c8       0x2c ./objects/lora_demo.o
                0x200005c8                State
                0x200005c9                RssiValue
                0x200005ca                SnrValue
                0x200005cc                ChipId
 .bss           0x200005f4       0x18 ./objects/app.o
 *fill*         0x2000060c        0x4 
 .bss           0x20000610       0x1d ./objects/rtc-board.o
                0x20000614                RtcCalendarContext
                0x20000620                RtcTimerContext
                0x20000628                McuWakeUpTime
                0x2000062c                NonScheduledWakeUp
 .bss           0x2000062d        0x1 ./objects/sx1262-board.o
                0x2000062d                gPaOptSetting
 *fill*         0x2000062e        0x2 
 .bss           0x20000630       0x11 ./objects/timer.o
                0x20000640                HasLoopedThroughMain
 *fill*         0x20000641        0x3 
 .bss           0x20000644        0x8 ./objects/sx126x.o
                0x20000648                FrequencyError
 .bss           0x2000064c      0x16c ./objects/radio.o
                0x20000650                IrqFired
                0x20000654                SX126x
                0x20000690                RxContinuous
                0x20000694                RxTimeout
                0x20000698                irqRegs
                0x2000069a                RadioRxPayload
                0x2000079c                RadioPktStatus
                0x200007b4                TxTimeout
 .bss           0x200007b8      0x4f0 ./objects/lora_core.o
                0x200007b8                LoRaPacket
                0x200009cc                LoRaDevice
                0x20000c84                RegisterDevice
                0x20000c9c                LoRaBackup
 .bss           0x20000ca8        0x4 ./objects/lora_flash.o
                0x20000ca8                page1_offset
                0x20000caa                page2_offset
 .bss           0x20000cac       0x3c ./objects/ymodem.o
                0x20000cac                ymodem_session
 *(.bss*)
 .bss.__lock___atexit_recursive_mutex
                0x20000ce8        0x1 e:/software/gcc_2021.10/bin/../lib/gcc/arm-none-eabi/10.3.1/../../../../arm-none-eabi/lib/thumb/v7e-m/nofp\libc.a(lib_a-lock.o)
                0x20000ce8                __lock___atexit_recursive_mutex
 *(COMMON)
                0x20000cec                . = ALIGN (0x4)
 *fill*         0x20000ce9        0x3 
                0x20000cec                _ebss = .
                0x20000cec                __bss_end__ = _ebss

.heap           0x20000cec        0x0 load address 0x080078b0
                0x20000cec                . = ALIGN (0x4)
                0x20000cec                _heap_bottom = .
                0x20000cec                end = _heap_bottom
                0x20000cec                _end = end
                0x20000cec                __end = end
                0x20000cec                . = (. + _HEAP_SIZE)
                0x20000cec                _heap_top = .

.stack          0x20000cec     0x1000 load address 0x080078b0
                0x20000cec                . = ALIGN (0x4)
                0x20000cec                _stack_bottom = .
                0x20001cec                . = (. + _STACK_SIZE)
 *fill*         0x20000cec     0x1000 
                0x20001cec                _stack_top = .

/DISCARD/
 libc.a(*)
 libm.a(*)
 libgcc.a(*)

.ARM.attributes
                0x00000000       0x2e
 *(.ARM.attributes)
 .ARM.attributes
                0x00000000       0x1e e:/software/gcc_2021.10/bin/../lib/gcc/arm-none-eabi/10.3.1/thumb/v7e-m/nofp/crti.o
 .ARM.attributes
                0x0000001e       0x2e e:/software/gcc_2021.10/bin/../lib/gcc/arm-none-eabi/10.3.1/thumb/v7e-m/nofp/crtbegin.o
 .ARM.attributes
                0x0000004c       0x25 ./objects/startup_cm4.o
 .ARM.attributes
                0x00000071       0x32 ./objects/system_cm4.o
 .ARM.attributes
                0x000000a3       0x32 ./objects/printf-stdarg.o
 .ARM.attributes
                0x000000d5       0x32 ./objects/tremo_bstimer.o
 .ARM.attributes
                0x00000107       0x32 ./objects/tremo_delay.o
 .ARM.attributes
                0x00000139       0x32 ./objects/tremo_flash.o
 .ARM.attributes
                0x0000016b       0x32 ./objects/tremo_gpio.o
 .ARM.attributes
                0x0000019d       0x32 ./objects/tremo_pwr.o
 .ARM.attributes
                0x000001cf       0x32 ./objects/tremo_rcc.o
 .ARM.attributes
                0x00000201       0x32 ./objects/tremo_rtc.o
 .ARM.attributes
                0x00000233       0x32 ./objects/tremo_system.o
 .ARM.attributes
                0x00000265       0x32 ./objects/tremo_uart.o
 .ARM.attributes
                0x00000297       0x32 ./objects/tremo_wdg.o
 .ARM.attributes
                0x000002c9       0x32 ./objects/main.o
 .ARM.attributes
                0x000002fb       0x32 ./objects/tremo_it.o
 .ARM.attributes
                0x0000032d       0x32 ./objects/lora_demo.o
 .ARM.attributes
                0x0000035f       0x32 ./objects/app.o
 .ARM.attributes
                0x00000391       0x32 ./objects/rtc-board.o
 .ARM.attributes
                0x000003c3       0x32 ./objects/sx1262-board.o
 .ARM.attributes
                0x000003f5       0x32 ./objects/delay.o
 .ARM.attributes
                0x00000427       0x32 ./objects/timer.o
 .ARM.attributes
                0x00000459       0x32 ./objects/sx126x.o
 .ARM.attributes
                0x0000048b       0x32 ./objects/radio.o
 .ARM.attributes
                0x000004bd       0x32 ./objects/utilities.o
 .ARM.attributes
                0x000004ef       0x32 ./objects/lora_at_cmd.o
 .ARM.attributes
                0x00000521       0x32 ./objects/lora_cmd_m.o
 .ARM.attributes
                0x00000553       0x32 ./objects/lora_cmd_s.o
 .ARM.attributes
                0x00000585       0x32 ./objects/lora_core.o
 .ARM.attributes
                0x000005b7       0x32 ./objects/lora_flash.o
 .ARM.attributes
                0x000005e9       0x32 ./objects/lora_function.o
 .ARM.attributes
                0x0000061b       0x32 ./objects/lora_user.o
 .ARM.attributes
                0x0000064d       0x32 ./objects/ymodem.o
 .ARM.attributes
                0x0000067f       0x1e e:/software/gcc_2021.10/bin/../lib/gcc/arm-none-eabi/10.3.1/thumb/v7e-m/nofp\libgcc.a(_arm_addsubdf3.o)
 .ARM.attributes
                0x0000069d       0x1e e:/software/gcc_2021.10/bin/../lib/gcc/arm-none-eabi/10.3.1/thumb/v7e-m/nofp\libgcc.a(_arm_muldivdf3.o)
 .ARM.attributes
                0x000006bb       0x1e e:/software/gcc_2021.10/bin/../lib/gcc/arm-none-eabi/10.3.1/thumb/v7e-m/nofp\libgcc.a(_arm_cmpdf2.o)
 .ARM.attributes
                0x000006d9       0x1e e:/software/gcc_2021.10/bin/../lib/gcc/arm-none-eabi/10.3.1/thumb/v7e-m/nofp\libgcc.a(_arm_fixdfsi.o)
 .ARM.attributes
                0x000006f7       0x1e e:/software/gcc_2021.10/bin/../lib/gcc/arm-none-eabi/10.3.1/thumb/v7e-m/nofp\libgcc.a(_arm_fixunsdfsi.o)
 .ARM.attributes
                0x00000715       0x1e e:/software/gcc_2021.10/bin/../lib/gcc/arm-none-eabi/10.3.1/thumb/v7e-m/nofp\libgcc.a(_aeabi_uldivmod.o)
 .ARM.attributes
                0x00000733       0x2e e:/software/gcc_2021.10/bin/../lib/gcc/arm-none-eabi/10.3.1/thumb/v7e-m/nofp\libgcc.a(_fixunsdfdi.o)
 .ARM.attributes
                0x00000761       0x2e e:/software/gcc_2021.10/bin/../lib/gcc/arm-none-eabi/10.3.1/thumb/v7e-m/nofp\libgcc.a(_udivmoddi4.o)
 .ARM.attributes
                0x0000078f       0x1e e:/software/gcc_2021.10/bin/../lib/gcc/arm-none-eabi/10.3.1/thumb/v7e-m/nofp\libgcc.a(_dvmd_tls.o)
 .ARM.attributes
                0x000007ad       0x2e e:/software/gcc_2021.10/bin/../lib/gcc/arm-none-eabi/10.3.1/../../../../arm-none-eabi/lib/thumb/v7e-m/nofp\libc.a(lib_a-atoi.o)
 .ARM.attributes
                0x000007db       0x2e e:/software/gcc_2021.10/bin/../lib/gcc/arm-none-eabi/10.3.1/../../../../arm-none-eabi/lib/thumb/v7e-m/nofp\libc.a(lib_a-impure.o)
 .ARM.attributes
                0x00000809       0x2e e:/software/gcc_2021.10/bin/../lib/gcc/arm-none-eabi/10.3.1/../../../../arm-none-eabi/lib/thumb/v7e-m/nofp\libc.a(lib_a-init.o)
 .ARM.attributes
                0x00000837       0x2e e:/software/gcc_2021.10/bin/../lib/gcc/arm-none-eabi/10.3.1/../../../../arm-none-eabi/lib/thumb/v7e-m/nofp\libc.a(lib_a-memcmp.o)
 .ARM.attributes
                0x00000865       0x1c e:/software/gcc_2021.10/bin/../lib/gcc/arm-none-eabi/10.3.1/../../../../arm-none-eabi/lib/thumb/v7e-m/nofp\libc.a(lib_a-memcpy.o)
 .ARM.attributes
                0x00000881       0x2e e:/software/gcc_2021.10/bin/../lib/gcc/arm-none-eabi/10.3.1/../../../../arm-none-eabi/lib/thumb/v7e-m/nofp\libc.a(lib_a-memset.o)
 .ARM.attributes
                0x000008af       0x1c e:/software/gcc_2021.10/bin/../lib/gcc/arm-none-eabi/10.3.1/../../../../arm-none-eabi/lib/thumb/v7e-m/nofp\libc.a(lib_a-strlen.o)
 .ARM.attributes
                0x000008cb       0x2e e:/software/gcc_2021.10/bin/../lib/gcc/arm-none-eabi/10.3.1/../../../../arm-none-eabi/lib/thumb/v7e-m/nofp\libc.a(lib_a-strncmp.o)
 .ARM.attributes
                0x000008f9       0x2e e:/software/gcc_2021.10/bin/../lib/gcc/arm-none-eabi/10.3.1/../../../../arm-none-eabi/lib/thumb/v7e-m/nofp\libc.a(lib_a-strtol.o)
 .ARM.attributes
                0x00000927       0x2e e:/software/gcc_2021.10/bin/../lib/gcc/arm-none-eabi/10.3.1/../../../../arm-none-eabi/lib/thumb/v7e-m/nofp\libc.a(lib_a-__call_atexit.o)
 .ARM.attributes
                0x00000955       0x2e e:/software/gcc_2021.10/bin/../lib/gcc/arm-none-eabi/10.3.1/../../../../arm-none-eabi/lib/thumb/v7e-m/nofp\libc.a(lib_a-atexit.o)
 .ARM.attributes
                0x00000983       0x2e e:/software/gcc_2021.10/bin/../lib/gcc/arm-none-eabi/10.3.1/../../../../arm-none-eabi/lib/thumb/v7e-m/nofp\libc.a(lib_a-ctype_.o)
 .ARM.attributes
                0x000009b1       0x2e e:/software/gcc_2021.10/bin/../lib/gcc/arm-none-eabi/10.3.1/../../../../arm-none-eabi/lib/thumb/v7e-m/nofp\libc.a(lib_a-errno.o)
 .ARM.attributes
                0x000009df       0x2e e:/software/gcc_2021.10/bin/../lib/gcc/arm-none-eabi/10.3.1/../../../../arm-none-eabi/lib/thumb/v7e-m/nofp\libc.a(lib_a-fini.o)
 .ARM.attributes
                0x00000a0d       0x2e e:/software/gcc_2021.10/bin/../lib/gcc/arm-none-eabi/10.3.1/../../../../arm-none-eabi/lib/thumb/v7e-m/nofp\libc.a(lib_a-lock.o)
 .ARM.attributes
                0x00000a3b       0x2e e:/software/gcc_2021.10/bin/../lib/gcc/arm-none-eabi/10.3.1/../../../../arm-none-eabi/lib/thumb/v7e-m/nofp\libc.a(lib_a-__atexit.o)
 .ARM.attributes
                0x00000a69       0x1e e:/software/gcc_2021.10/bin/../lib/gcc/arm-none-eabi/10.3.1/thumb/v7e-m/nofp/crtn.o
OUTPUT(./Objects/project.elf elf32-littlearm)
LOAD linker stubs
LOAD e:/software/gcc_2021.10/bin/../lib/gcc/arm-none-eabi/10.3.1/../../../../arm-none-eabi/lib/thumb/v7e-m/nofp\libc.a
LOAD e:/software/gcc_2021.10/bin/../lib/gcc/arm-none-eabi/10.3.1/../../../../arm-none-eabi/lib/thumb/v7e-m/nofp\libm.a
LOAD e:/software/gcc_2021.10/bin/../lib/gcc/arm-none-eabi/10.3.1/thumb/v7e-m/nofp\libgcc.a

.debug_line     0x00000000     0xb4d8
 .debug_line    0x00000000       0x70 ./objects/startup_cm4.o
 .debug_line    0x00000070      0x22a ./objects/system_cm4.o
 .debug_line    0x0000029a     0x10a7 ./objects/printf-stdarg.o
 .debug_line    0x00001341      0x34b ./objects/tremo_bstimer.o
 .debug_line    0x0000168c      0x23d ./objects/tremo_delay.o
 .debug_line    0x000018c9      0x597 ./objects/tremo_flash.o
 .debug_line    0x00001e60      0x667 ./objects/tremo_gpio.o
 .debug_line    0x000024c7      0x393 ./objects/tremo_pwr.o
 .debug_line    0x0000285a     0x116e ./objects/tremo_rcc.o
 .debug_line    0x000039c8      0xcff ./objects/tremo_rtc.o
 .debug_line    0x000046c7      0x1ab ./objects/tremo_system.o
 .debug_line    0x00004872      0x60b ./objects/tremo_uart.o
 .debug_line    0x00004e7d      0x1a1 ./objects/tremo_wdg.o
 .debug_line    0x0000501e      0x5ae ./objects/main.o
 .debug_line    0x000055cc      0x116 ./objects/tremo_it.o
 .debug_line    0x000056e2      0x3d8 ./objects/lora_demo.o
 .debug_line    0x00005aba      0x300 ./objects/app.o
 .debug_line    0x00005dba      0x51f ./objects/rtc-board.o
 .debug_line    0x000062d9      0x783 ./objects/sx1262-board.o
 .debug_line    0x00006a5c      0x111 ./objects/delay.o
 .debug_line    0x00006b6d      0x674 ./objects/timer.o
 .debug_line    0x000071e1      0xda3 ./objects/sx126x.o
 .debug_line    0x00007f84      0xd7b ./objects/radio.o
 .debug_line    0x00008cff      0x1dd ./objects/utilities.o
 .debug_line    0x00008edc      0x605 ./objects/lora_at_cmd.o
 .debug_line    0x000094e1      0x37b ./objects/lora_cmd_m.o
 .debug_line    0x0000985c      0x3ef ./objects/lora_cmd_s.o
 .debug_line    0x00009c4b      0x4ad ./objects/lora_core.o
 .debug_line    0x0000a0f8      0x7f6 ./objects/lora_flash.o
 .debug_line    0x0000a8ee      0x3cb ./objects/lora_function.o
 .debug_line    0x0000acb9      0x380 ./objects/lora_user.o
 .debug_line    0x0000b039      0x49f ./objects/ymodem.o

.debug_info     0x00000000    0x176ad
 .debug_info    0x00000000       0x22 ./objects/startup_cm4.o
 .debug_info    0x00000022      0x829 ./objects/system_cm4.o
 .debug_info    0x0000084b     0x196e ./objects/printf-stdarg.o
 .debug_info    0x000021b9      0x6cf ./objects/tremo_bstimer.o
 .debug_info    0x00002888      0x79f ./objects/tremo_delay.o
 .debug_info    0x00003027      0x55d ./objects/tremo_flash.o
 .debug_info    0x00003584      0x8de ./objects/tremo_gpio.o
 .debug_info    0x00003e62      0x9d6 ./objects/tremo_pwr.o
 .debug_info    0x00004838     0x1127 ./objects/tremo_rcc.o
 .debug_info    0x0000595f     0x11d5 ./objects/tremo_rtc.o
 .debug_info    0x00006b34      0x4a5 ./objects/tremo_system.o
 .debug_info    0x00006fd9      0xc7c ./objects/tremo_uart.o
 .debug_info    0x00007c55      0x544 ./objects/tremo_wdg.o
 .debug_info    0x00008199     0x192c ./objects/main.o
 .debug_info    0x00009ac5      0x136 ./objects/tremo_it.o
 .debug_info    0x00009bfb      0xd0f ./objects/lora_demo.o
 .debug_info    0x0000a90a      0x593 ./objects/app.o
 .debug_info    0x0000ae9d     0x1340 ./objects/rtc-board.o
 .debug_info    0x0000c1dd     0x1171 ./objects/sx1262-board.o
 .debug_info    0x0000d34e      0x159 ./objects/delay.o
 .debug_info    0x0000d4a7      0x970 ./objects/timer.o
 .debug_info    0x0000de17     0x21ea ./objects/sx126x.o
 .debug_info    0x00010001     0x28e0 ./objects/radio.o
 .debug_info    0x000128e1      0x2fb ./objects/utilities.o
 .debug_info    0x00012bdc      0xee2 ./objects/lora_at_cmd.o
 .debug_info    0x00013abe      0x7b0 ./objects/lora_cmd_m.o
 .debug_info    0x0001426e      0x7aa ./objects/lora_cmd_s.o
 .debug_info    0x00014a18      0x892 ./objects/lora_core.o
 .debug_info    0x000152aa      0xab0 ./objects/lora_flash.o
 .debug_info    0x00015d5a      0x638 ./objects/lora_function.o
 .debug_info    0x00016392      0xeb8 ./objects/lora_user.o
 .debug_info    0x0001724a      0x463 ./objects/ymodem.o

.debug_abbrev   0x00000000     0x4e3d
 .debug_abbrev  0x00000000       0x12 ./objects/startup_cm4.o
 .debug_abbrev  0x00000012      0x1cd ./objects/system_cm4.o
 .debug_abbrev  0x000001df      0x3df ./objects/printf-stdarg.o
 .debug_abbrev  0x000005be      0x1d1 ./objects/tremo_bstimer.o
 .debug_abbrev  0x0000078f      0x224 ./objects/tremo_delay.o
 .debug_abbrev  0x000009b3      0x1d6 ./objects/tremo_flash.o
 .debug_abbrev  0x00000b89      0x237 ./objects/tremo_gpio.o
 .debug_abbrev  0x00000dc0      0x211 ./objects/tremo_pwr.o
 .debug_abbrev  0x00000fd1      0x263 ./objects/tremo_rcc.o
 .debug_abbrev  0x00001234      0x3bc ./objects/tremo_rtc.o
 .debug_abbrev  0x000015f0      0x142 ./objects/tremo_system.o
 .debug_abbrev  0x00001732      0x31d ./objects/tremo_uart.o
 .debug_abbrev  0x00001a4f      0x18f ./objects/tremo_wdg.o
 .debug_abbrev  0x00001bde      0x396 ./objects/main.o
 .debug_abbrev  0x00001f74       0xd4 ./objects/tremo_it.o
 .debug_abbrev  0x00002048      0x2d9 ./objects/lora_demo.o
 .debug_abbrev  0x00002321      0x1f2 ./objects/app.o
 .debug_abbrev  0x00002513      0x46c ./objects/rtc-board.o
 .debug_abbrev  0x0000297f      0x3b5 ./objects/sx1262-board.o
 .debug_abbrev  0x00002d34       0xef ./objects/delay.o
 .debug_abbrev  0x00002e23      0x453 ./objects/timer.o
 .debug_abbrev  0x00003276      0x422 ./objects/sx126x.o
 .debug_abbrev  0x00003698      0x4c6 ./objects/radio.o
 .debug_abbrev  0x00003b5e      0x140 ./objects/utilities.o
 .debug_abbrev  0x00003c9e      0x2c8 ./objects/lora_at_cmd.o
 .debug_abbrev  0x00003f66      0x1b1 ./objects/lora_cmd_m.o
 .debug_abbrev  0x00004117      0x158 ./objects/lora_cmd_s.o
 .debug_abbrev  0x0000426f      0x257 ./objects/lora_core.o
 .debug_abbrev  0x000044c6      0x2c7 ./objects/lora_flash.o
 .debug_abbrev  0x0000478d      0x207 ./objects/lora_function.o
 .debug_abbrev  0x00004994      0x2a6 ./objects/lora_user.o
 .debug_abbrev  0x00004c3a      0x203 ./objects/ymodem.o

.debug_aranges  0x00000000      0xf08
 .debug_aranges
                0x00000000       0x28 ./objects/startup_cm4.o
 .debug_aranges
                0x00000028       0x28 ./objects/system_cm4.o
 .debug_aranges
                0x00000050       0x88 ./objects/printf-stdarg.o
 .debug_aranges
                0x000000d8       0x68 ./objects/tremo_bstimer.o
 .debug_aranges
                0x00000140       0x30 ./objects/tremo_delay.o
 .debug_aranges
                0x00000170       0x40 ./objects/tremo_flash.o
 .debug_aranges
                0x000001b0       0x78 ./objects/tremo_gpio.o
 .debug_aranges
                0x00000228       0x58 ./objects/tremo_pwr.o
 .debug_aranges
                0x00000280      0x178 ./objects/tremo_rcc.o
 .debug_aranges
                0x000003f8      0x120 ./objects/tremo_rtc.o
 .debug_aranges
                0x00000518       0x28 ./objects/tremo_system.o
 .debug_aranges
                0x00000540       0x98 ./objects/tremo_uart.o
 .debug_aranges
                0x000005d8       0x38 ./objects/tremo_wdg.o
 .debug_aranges
                0x00000610       0x48 ./objects/main.o
 .debug_aranges
                0x00000658       0x58 ./objects/tremo_it.o
 .debug_aranges
                0x000006b0       0x60 ./objects/lora_demo.o
 .debug_aranges
                0x00000710       0x20 ./objects/app.o
 .debug_aranges
                0x00000730       0x78 ./objects/rtc-board.o
 .debug_aranges
                0x000007a8       0xd0 ./objects/sx1262-board.o
 .debug_aranges
                0x00000878       0x28 ./objects/delay.o
 .debug_aranges
                0x000008a0       0xa0 ./objects/timer.o
 .debug_aranges
                0x00000940      0x198 ./objects/sx126x.o
 .debug_aranges
                0x00000ad8      0x140 ./objects/radio.o
 .debug_aranges
                0x00000c18       0x50 ./objects/utilities.o
 .debug_aranges
                0x00000c68       0xa0 ./objects/lora_at_cmd.o
 .debug_aranges
                0x00000d08       0x40 ./objects/lora_cmd_m.o
 .debug_aranges
                0x00000d48       0x60 ./objects/lora_cmd_s.o
 .debug_aranges
                0x00000da8       0x30 ./objects/lora_core.o
 .debug_aranges
                0x00000dd8       0x60 ./objects/lora_flash.o
 .debug_aranges
                0x00000e38       0x50 ./objects/lora_function.o
 .debug_aranges
                0x00000e88       0x50 ./objects/lora_user.o
 .debug_aranges
                0x00000ed8       0x30 ./objects/ymodem.o

.debug_str      0x00000000     0x5c11
 .debug_str     0x00000000       0x4d ./objects/startup_cm4.o
 .debug_str     0x0000004d      0x585 ./objects/system_cm4.o
                                0x61a (size before relaxing)
 .debug_str     0x000005d2      0x2da ./objects/printf-stdarg.o
                                0x515 (size before relaxing)
 .debug_str     0x000008ac      0x5f5 ./objects/tremo_bstimer.o
                                0x810 (size before relaxing)
 .debug_str     0x00000ea1       0xcd ./objects/tremo_delay.o
                                0x5cc (size before relaxing)
 .debug_str     0x00000f6e       0xe5 ./objects/tremo_flash.o
                                0x3dc (size before relaxing)
 .debug_str     0x00001053      0x310 ./objects/tremo_gpio.o
                                0x8b2 (size before relaxing)
 .debug_str     0x00001363       0xda ./objects/tremo_pwr.o
                                0x69b (size before relaxing)
 .debug_str     0x0000143d      0xed7 ./objects/tremo_rcc.o
                               0x1523 (size before relaxing)
 .debug_str     0x00002314      0x865 ./objects/tremo_rtc.o
                                0xeb5 (size before relaxing)
 .debug_str     0x00002b79       0x55 ./objects/tremo_system.o
                                0x399 (size before relaxing)
 .debug_str     0x00002bce      0x4c1 ./objects/tremo_uart.o
                                0xba6 (size before relaxing)
 .debug_str     0x0000308f      0x104 ./objects/tremo_wdg.o
                                0x69b (size before relaxing)
 .debug_str     0x00003193      0x276 ./objects/main.o
                               0x1045 (size before relaxing)
 .debug_str     0x00003409       0xd3 ./objects/tremo_it.o
                                0x220 (size before relaxing)
 .debug_str     0x000034dc      0x213 ./objects/lora_demo.o
                                0x6e1 (size before relaxing)
 .debug_str     0x000036ef       0xb1 ./objects/app.o
                                0x3e0 (size before relaxing)
 .debug_str     0x000037a0      0x2e0 ./objects/rtc-board.o
                                0xf6d (size before relaxing)
 .debug_str     0x00003a80      0x5f3 ./objects/sx1262-board.o
                                0xc9e (size before relaxing)
 .debug_str     0x00004073       0x17 ./objects/delay.o
                                0x211 (size before relaxing)
 .debug_str     0x0000408a      0x249 ./objects/timer.o
                                0x584 (size before relaxing)
 .debug_str     0x000042d3      0xed3 ./objects/sx126x.o
                               0x1747 (size before relaxing)
 .debug_str     0x000051a6      0x4b7 ./objects/radio.o
                               0x15db (size before relaxing)
 .debug_str     0x0000565d       0x47 ./objects/utilities.o
                                0x2ac (size before relaxing)
 .debug_str     0x000056a4      0x1c1 ./objects/lora_at_cmd.o
                                0x577 (size before relaxing)
 .debug_str     0x00005865       0xcc ./objects/lora_cmd_m.o
                                0x50c (size before relaxing)
 .debug_str     0x00005931       0x88 ./objects/lora_cmd_s.o
                                0x4f1 (size before relaxing)
 .debug_str     0x000059b9       0xa3 ./objects/lora_core.o
                                0x5e3 (size before relaxing)
 .debug_str     0x00005a5c       0x8d ./objects/lora_flash.o
                                0x47d (size before relaxing)
 .debug_str     0x00005ae9       0x47 ./objects/lora_function.o
                                0x488 (size before relaxing)
 .debug_str     0x00005b30       0x57 ./objects/lora_user.o
                                0xaaa (size before relaxing)
 .debug_str     0x00005b87       0x8a ./objects/ymodem.o
                                0x354 (size before relaxing)

.debug_ranges   0x00000000     0x1518
 .debug_ranges  0x00000000       0x20 ./objects/startup_cm4.o
 .debug_ranges  0x00000020       0x70 ./objects/system_cm4.o
 .debug_ranges  0x00000090      0x1d0 ./objects/printf-stdarg.o
 .debug_ranges  0x00000260       0x58 ./objects/tremo_bstimer.o
 .debug_ranges  0x000002b8       0x58 ./objects/tremo_delay.o
 .debug_ranges  0x00000310       0x90 ./objects/tremo_flash.o
 .debug_ranges  0x000003a0       0x68 ./objects/tremo_gpio.o
 .debug_ranges  0x00000408       0x60 ./objects/tremo_pwr.o
 .debug_ranges  0x00000468      0x180 ./objects/tremo_rcc.o
 .debug_ranges  0x000005e8      0x140 ./objects/tremo_rtc.o
 .debug_ranges  0x00000728       0x18 ./objects/tremo_system.o
 .debug_ranges  0x00000740       0x88 ./objects/tremo_uart.o
 .debug_ranges  0x000007c8       0x28 ./objects/tremo_wdg.o
 .debug_ranges  0x000007f0      0x138 ./objects/main.o
 .debug_ranges  0x00000928       0x48 ./objects/tremo_it.o
 .debug_ranges  0x00000970       0x50 ./objects/lora_demo.o
 .debug_ranges  0x000009c0       0x68 ./objects/app.o
 .debug_ranges  0x00000a28      0x140 ./objects/rtc-board.o
 .debug_ranges  0x00000b68      0x188 ./objects/sx1262-board.o
 .debug_ranges  0x00000cf0       0x30 ./objects/delay.o
 .debug_ranges  0x00000d20       0xf0 ./objects/timer.o
 .debug_ranges  0x00000e10      0x1e8 ./objects/sx126x.o
 .debug_ranges  0x00000ff8      0x1a8 ./objects/radio.o
 .debug_ranges  0x000011a0       0x40 ./objects/utilities.o
 .debug_ranges  0x000011e0       0xd8 ./objects/lora_at_cmd.o
 .debug_ranges  0x000012b8       0x30 ./objects/lora_cmd_m.o
 .debug_ranges  0x000012e8       0x50 ./objects/lora_cmd_s.o
 .debug_ranges  0x00001338       0x80 ./objects/lora_core.o
 .debug_ranges  0x000013b8       0x68 ./objects/lora_flash.o
 .debug_ranges  0x00001420       0x60 ./objects/lora_function.o
 .debug_ranges  0x00001480       0x60 ./objects/lora_user.o
 .debug_ranges  0x000014e0       0x38 ./objects/ymodem.o

.debug_loc      0x00000000     0xb8d1
 .debug_loc     0x00000000       0xc3 ./objects/system_cm4.o
 .debug_loc     0x000000c3     0x27a7 ./objects/printf-stdarg.o
 .debug_loc     0x0000286a      0x136 ./objects/tremo_bstimer.o
 .debug_loc     0x000029a0      0x1fe ./objects/tremo_delay.o
 .debug_loc     0x00002b9e      0x4a9 ./objects/tremo_flash.o
 .debug_loc     0x00003047      0x850 ./objects/tremo_gpio.o
 .debug_loc     0x00003897      0x15f ./objects/tremo_pwr.o
 .debug_loc     0x000039f6      0x777 ./objects/tremo_rcc.o
 .debug_loc     0x0000416d      0xe95 ./objects/tremo_rtc.o
 .debug_loc     0x00005002       0x42 ./objects/tremo_system.o
 .debug_loc     0x00005044      0x6e6 ./objects/tremo_uart.o
 .debug_loc     0x0000572a       0x2c ./objects/tremo_wdg.o
 .debug_loc     0x00005756      0x282 ./objects/main.o
 .debug_loc     0x000059d8      0x1fe ./objects/lora_demo.o
 .debug_loc     0x00005bd6       0x54 ./objects/app.o
 .debug_loc     0x00005c2a      0x67f ./objects/rtc-board.o
 .debug_loc     0x000062a9      0x851 ./objects/sx1262-board.o
 .debug_loc     0x00006afa       0xb2 ./objects/delay.o
 .debug_loc     0x00006bac      0x6d8 ./objects/timer.o
 .debug_loc     0x00007284     0x11a4 ./objects/sx126x.o
 .debug_loc     0x00008428     0x14a9 ./objects/radio.o
 .debug_loc     0x000098d1      0x25d ./objects/utilities.o
 .debug_loc     0x00009b2e      0xa20 ./objects/lora_at_cmd.o
 .debug_loc     0x0000a54e      0x1df ./objects/lora_cmd_m.o
 .debug_loc     0x0000a72d      0x1ec ./objects/lora_cmd_s.o
 .debug_loc     0x0000a919      0x2fb ./objects/lora_core.o
 .debug_loc     0x0000ac14      0x384 ./objects/lora_flash.o
 .debug_loc     0x0000af98      0x31e ./objects/lora_function.o
 .debug_loc     0x0000b2b6      0x21c ./objects/lora_user.o
 .debug_loc     0x0000b4d2      0x3ff ./objects/ymodem.o

.comment        0x00000000       0x49
 .comment       0x00000000       0x49 ./objects/system_cm4.o
                                 0x4a (size before relaxing)
 .comment       0x00000049       0x4a ./objects/printf-stdarg.o
 .comment       0x00000049       0x4a ./objects/tremo_bstimer.o
 .comment       0x00000049       0x4a ./objects/tremo_delay.o
 .comment       0x00000049       0x4a ./objects/tremo_flash.o
 .comment       0x00000049       0x4a ./objects/tremo_gpio.o
 .comment       0x00000049       0x4a ./objects/tremo_pwr.o
 .comment       0x00000049       0x4a ./objects/tremo_rcc.o
 .comment       0x00000049       0x4a ./objects/tremo_rtc.o
 .comment       0x00000049       0x4a ./objects/tremo_system.o
 .comment       0x00000049       0x4a ./objects/tremo_uart.o
 .comment       0x00000049       0x4a ./objects/tremo_wdg.o
 .comment       0x00000049       0x4a ./objects/main.o
 .comment       0x00000049       0x4a ./objects/tremo_it.o
 .comment       0x00000049       0x4a ./objects/lora_demo.o
 .comment       0x00000049       0x4a ./objects/app.o
 .comment       0x00000049       0x4a ./objects/rtc-board.o
 .comment       0x00000049       0x4a ./objects/sx1262-board.o
 .comment       0x00000049       0x4a ./objects/delay.o
 .comment       0x00000049       0x4a ./objects/timer.o
 .comment       0x00000049       0x4a ./objects/sx126x.o
 .comment       0x00000049       0x4a ./objects/radio.o
 .comment       0x00000049       0x4a ./objects/utilities.o
 .comment       0x00000049       0x4a ./objects/lora_at_cmd.o
 .comment       0x00000049       0x4a ./objects/lora_cmd_m.o
 .comment       0x00000049       0x4a ./objects/lora_cmd_s.o
 .comment       0x00000049       0x4a ./objects/lora_core.o
 .comment       0x00000049       0x4a ./objects/lora_flash.o
 .comment       0x00000049       0x4a ./objects/lora_function.o
 .comment       0x00000049       0x4a ./objects/lora_user.o
 .comment       0x00000049       0x4a ./objects/ymodem.o

.debug_frame    0x00000000     0x2dac
 .debug_frame   0x00000000       0x3c ./objects/system_cm4.o
 .debug_frame   0x0000003c      0x314 ./objects/printf-stdarg.o
 .debug_frame   0x00000350       0xc8 ./objects/tremo_bstimer.o
 .debug_frame   0x00000418       0x54 ./objects/tremo_delay.o
 .debug_frame   0x0000046c       0x9c ./objects/tremo_flash.o
 .debug_frame   0x00000508      0x114 ./objects/tremo_gpio.o
 .debug_frame   0x0000061c       0xa8 ./objects/tremo_pwr.o
 .debug_frame   0x000006c4      0x2d8 ./objects/tremo_rcc.o
 .debug_frame   0x0000099c      0x318 ./objects/tremo_rtc.o
 .debug_frame   0x00000cb4       0x30 ./objects/tremo_system.o
 .debug_frame   0x00000ce4      0x138 ./objects/tremo_uart.o
 .debug_frame   0x00000e1c       0x5c ./objects/tremo_wdg.o
 .debug_frame   0x00000e78       0xb4 ./objects/main.o
 .debug_frame   0x00000f2c       0xc0 ./objects/tremo_it.o
 .debug_frame   0x00000fec      0x114 ./objects/lora_demo.o
 .debug_frame   0x00001100       0x28 ./objects/app.o
 .debug_frame   0x00001128      0x160 ./objects/rtc-board.o
 .debug_frame   0x00001288      0x25c ./objects/sx1262-board.o
 .debug_frame   0x000014e4       0x30 ./objects/delay.o
 .debug_frame   0x00001514      0x1b4 ./objects/timer.o
 .debug_frame   0x000016c8      0x4c0 ./objects/sx126x.o
 .debug_frame   0x00001b88      0x3c0 ./objects/radio.o
 .debug_frame   0x00001f48       0x8c ./objects/utilities.o
 .debug_frame   0x00001fd4      0x23c ./objects/lora_at_cmd.o
 .debug_frame   0x00002210       0xd8 ./objects/lora_cmd_m.o
 .debug_frame   0x000022e8      0x120 ./objects/lora_cmd_s.o
 .debug_frame   0x00002408       0xbc ./objects/lora_core.o
 .debug_frame   0x000024c4      0x144 ./objects/lora_flash.o
 .debug_frame   0x00002608       0xc4 ./objects/lora_function.o
 .debug_frame   0x000026cc       0xd4 ./objects/lora_user.o
 .debug_frame   0x000027a0       0x5c ./objects/ymodem.o
 .debug_frame   0x000027fc       0xac e:/software/gcc_2021.10/bin/../lib/gcc/arm-none-eabi/10.3.1/thumb/v7e-m/nofp\libgcc.a(_arm_addsubdf3.o)
 .debug_frame   0x000028a8       0x50 e:/software/gcc_2021.10/bin/../lib/gcc/arm-none-eabi/10.3.1/thumb/v7e-m/nofp\libgcc.a(_arm_muldivdf3.o)
 .debug_frame   0x000028f8       0xc4 e:/software/gcc_2021.10/bin/../lib/gcc/arm-none-eabi/10.3.1/thumb/v7e-m/nofp\libgcc.a(_arm_cmpdf2.o)
 .debug_frame   0x000029bc       0x24 e:/software/gcc_2021.10/bin/../lib/gcc/arm-none-eabi/10.3.1/thumb/v7e-m/nofp\libgcc.a(_arm_fixdfsi.o)
 .debug_frame   0x000029e0       0x24 e:/software/gcc_2021.10/bin/../lib/gcc/arm-none-eabi/10.3.1/thumb/v7e-m/nofp\libgcc.a(_arm_fixunsdfsi.o)
 .debug_frame   0x00002a04       0x2c e:/software/gcc_2021.10/bin/../lib/gcc/arm-none-eabi/10.3.1/thumb/v7e-m/nofp\libgcc.a(_aeabi_uldivmod.o)
 .debug_frame   0x00002a30       0x2c e:/software/gcc_2021.10/bin/../lib/gcc/arm-none-eabi/10.3.1/thumb/v7e-m/nofp\libgcc.a(_fixunsdfdi.o)
 .debug_frame   0x00002a5c       0x34 e:/software/gcc_2021.10/bin/../lib/gcc/arm-none-eabi/10.3.1/thumb/v7e-m/nofp\libgcc.a(_udivmoddi4.o)
 .debug_frame   0x00002a90       0x30 e:/software/gcc_2021.10/bin/../lib/gcc/arm-none-eabi/10.3.1/../../../../arm-none-eabi/lib/thumb/v7e-m/nofp\libc.a(lib_a-atoi.o)
 .debug_frame   0x00002ac0       0x2c e:/software/gcc_2021.10/bin/../lib/gcc/arm-none-eabi/10.3.1/../../../../arm-none-eabi/lib/thumb/v7e-m/nofp\libc.a(lib_a-init.o)
 .debug_frame   0x00002aec       0x28 e:/software/gcc_2021.10/bin/../lib/gcc/arm-none-eabi/10.3.1/../../../../arm-none-eabi/lib/thumb/v7e-m/nofp\libc.a(lib_a-memcmp.o)
 .debug_frame   0x00002b14       0x2c e:/software/gcc_2021.10/bin/../lib/gcc/arm-none-eabi/10.3.1/../../../../arm-none-eabi/lib/thumb/v7e-m/nofp\libc.a(lib_a-memset.o)
 .debug_frame   0x00002b40       0x38 e:/software/gcc_2021.10/bin/../lib/gcc/arm-none-eabi/10.3.1/../../../../arm-none-eabi/lib/thumb/v7e-m/nofp\libc.a(lib_a-strncmp.o)
 .debug_frame   0x00002b78       0x80 e:/software/gcc_2021.10/bin/../lib/gcc/arm-none-eabi/10.3.1/../../../../arm-none-eabi/lib/thumb/v7e-m/nofp\libc.a(lib_a-strtol.o)
 .debug_frame   0x00002bf8       0x5c e:/software/gcc_2021.10/bin/../lib/gcc/arm-none-eabi/10.3.1/../../../../arm-none-eabi/lib/thumb/v7e-m/nofp\libc.a(lib_a-__call_atexit.o)
 .debug_frame   0x00002c54       0x20 e:/software/gcc_2021.10/bin/../lib/gcc/arm-none-eabi/10.3.1/../../../../arm-none-eabi/lib/thumb/v7e-m/nofp\libc.a(lib_a-atexit.o)
 .debug_frame   0x00002c74       0x20 e:/software/gcc_2021.10/bin/../lib/gcc/arm-none-eabi/10.3.1/../../../../arm-none-eabi/lib/thumb/v7e-m/nofp\libc.a(lib_a-errno.o)
 .debug_frame   0x00002c94       0x34 e:/software/gcc_2021.10/bin/../lib/gcc/arm-none-eabi/10.3.1/../../../../arm-none-eabi/lib/thumb/v7e-m/nofp\libc.a(lib_a-fini.o)
 .debug_frame   0x00002cc8       0xb0 e:/software/gcc_2021.10/bin/../lib/gcc/arm-none-eabi/10.3.1/../../../../arm-none-eabi/lib/thumb/v7e-m/nofp\libc.a(lib_a-lock.o)
 .debug_frame   0x00002d78       0x34 e:/software/gcc_2021.10/bin/../lib/gcc/arm-none-eabi/10.3.1/../../../../arm-none-eabi/lib/thumb/v7e-m/nofp\libc.a(lib_a-__atexit.o)
